Archive member included to satisfy reference by file (symbol)

/home/student/eclipse-workspace/Tiva_C_LaunchPad/SW-EK-TM4C123GXL-2.1.4.178/driverlib/gcc/libdriver.a(gpio.o)
                              ./src/main.o (GPIOPinTypeUART)
/home/student/eclipse-workspace/Tiva_C_LaunchPad/SW-EK-TM4C123GXL-2.1.4.178/driverlib/gcc/libdriver.a(interrupt.o)
                              /home/student/eclipse-workspace/Tiva_C_LaunchPad/SW-EK-TM4C123GXL-2.1.4.178/driverlib/gcc/libdriver.a(gpio.o) (IntRegister)
/home/student/eclipse-workspace/Tiva_C_LaunchPad/SW-EK-TM4C123GXL-2.1.4.178/driverlib/gcc/libdriver.a(sysctl.o)
                              ./SW-EK-TM4C123GXL-2.1.4.178/utils/uartstdio.o (SysCtlPeripheralPresent)
/home/student/eclipse-workspace/Tiva_C_LaunchPad/SW-EK-TM4C123GXL-2.1.4.178/driverlib/gcc/libdriver.a(uart.o)
                              ./SW-EK-TM4C123GXL-2.1.4.178/utils/uartstdio.o (UARTEnable)
/home/student/eclipse-workspace/Tiva_C_LaunchPad/SW-EK-TM4C123GXL-2.1.4.178/driverlib/gcc/libdriver.a(cpu.o)
                              /home/student/eclipse-workspace/Tiva_C_LaunchPad/SW-EK-TM4C123GXL-2.1.4.178/driverlib/gcc/libdriver.a(interrupt.o) (CPUcpsid)
/usr/lib/gcc/arm-none-eabi/5.4.1/../../../arm-none-eabi/lib/armv7e-m/fpu/libg.a(lib_a-atexit.o)
                              /usr/lib/gcc/arm-none-eabi/5.4.1/../../../arm-none-eabi/lib/armv7e-m/fpu/crt0.o (atexit)
/usr/lib/gcc/arm-none-eabi/5.4.1/../../../arm-none-eabi/lib/armv7e-m/fpu/libg.a(lib_a-exit.o)
                              /usr/lib/gcc/arm-none-eabi/5.4.1/../../../arm-none-eabi/lib/armv7e-m/fpu/crt0.o (exit)
/usr/lib/gcc/arm-none-eabi/5.4.1/../../../arm-none-eabi/lib/armv7e-m/fpu/libg.a(lib_a-fini.o)
                              /usr/lib/gcc/arm-none-eabi/5.4.1/../../../arm-none-eabi/lib/armv7e-m/fpu/crt0.o (__libc_fini_array)
/usr/lib/gcc/arm-none-eabi/5.4.1/../../../arm-none-eabi/lib/armv7e-m/fpu/libg.a(lib_a-impure.o)
                              /usr/lib/gcc/arm-none-eabi/5.4.1/../../../arm-none-eabi/lib/armv7e-m/fpu/libg.a(lib_a-exit.o) (_global_impure_ptr)
/usr/lib/gcc/arm-none-eabi/5.4.1/../../../arm-none-eabi/lib/armv7e-m/fpu/libg.a(lib_a-init.o)
                              /usr/lib/gcc/arm-none-eabi/5.4.1/../../../arm-none-eabi/lib/armv7e-m/fpu/crt0.o (__libc_init_array)
/usr/lib/gcc/arm-none-eabi/5.4.1/../../../arm-none-eabi/lib/armv7e-m/fpu/libg.a(lib_a-memcpy.o)
                              ./src/main.o (memcpy)
/usr/lib/gcc/arm-none-eabi/5.4.1/../../../arm-none-eabi/lib/armv7e-m/fpu/libg.a(lib_a-memset.o)
                              /usr/lib/gcc/arm-none-eabi/5.4.1/../../../arm-none-eabi/lib/armv7e-m/fpu/crt0.o (memset)
/usr/lib/gcc/arm-none-eabi/5.4.1/../../../arm-none-eabi/lib/armv7e-m/fpu/libg.a(lib_a-rand.o)
                              ./src/main.o (rand)
/usr/lib/gcc/arm-none-eabi/5.4.1/../../../arm-none-eabi/lib/armv7e-m/fpu/libg.a(lib_a-strlen.o)
                              ./src/main.o (strlen)
/usr/lib/gcc/arm-none-eabi/5.4.1/../../../arm-none-eabi/lib/armv7e-m/fpu/libg.a(lib_a-__atexit.o)
                              /usr/lib/gcc/arm-none-eabi/5.4.1/../../../arm-none-eabi/lib/armv7e-m/fpu/libg.a(lib_a-atexit.o) (__register_exitproc)
/usr/lib/gcc/arm-none-eabi/5.4.1/../../../arm-none-eabi/lib/armv7e-m/fpu/libg.a(lib_a-__call_atexit.o)
                              /usr/lib/gcc/arm-none-eabi/5.4.1/../../../arm-none-eabi/lib/armv7e-m/fpu/libg.a(lib_a-exit.o) (__call_exitprocs)

Discarded input sections

 .text          0x0000000000000000        0x0 /usr/lib/gcc/arm-none-eabi/5.4.1/armv7e-m/fpu/crti.o
 .data          0x0000000000000000        0x0 /usr/lib/gcc/arm-none-eabi/5.4.1/armv7e-m/fpu/crti.o
 .bss           0x0000000000000000        0x0 /usr/lib/gcc/arm-none-eabi/5.4.1/armv7e-m/fpu/crti.o
 .text          0x0000000000000000       0xa4 /usr/lib/gcc/arm-none-eabi/5.4.1/armv7e-m/fpu/crtbegin.o
 .data          0x0000000000000000        0x4 /usr/lib/gcc/arm-none-eabi/5.4.1/armv7e-m/fpu/crtbegin.o
 .bss           0x0000000000000000       0x1c /usr/lib/gcc/arm-none-eabi/5.4.1/armv7e-m/fpu/crtbegin.o
 .init_array    0x0000000000000000        0x4 /usr/lib/gcc/arm-none-eabi/5.4.1/armv7e-m/fpu/crtbegin.o
 .fini_array    0x0000000000000000        0x4 /usr/lib/gcc/arm-none-eabi/5.4.1/armv7e-m/fpu/crtbegin.o
 .eh_frame      0x0000000000000000        0x0 /usr/lib/gcc/arm-none-eabi/5.4.1/armv7e-m/fpu/crtbegin.o
 .jcr           0x0000000000000000        0x0 /usr/lib/gcc/arm-none-eabi/5.4.1/armv7e-m/fpu/crtbegin.o
 .tm_clone_table
                0x0000000000000000        0x0 /usr/lib/gcc/arm-none-eabi/5.4.1/armv7e-m/fpu/crtbegin.o
 .comment       0x0000000000000000       0x2c /usr/lib/gcc/arm-none-eabi/5.4.1/armv7e-m/fpu/crtbegin.o
 .ARM.attributes
                0x0000000000000000       0x34 /usr/lib/gcc/arm-none-eabi/5.4.1/armv7e-m/fpu/crtbegin.o
 .text          0x0000000000000000       0x68 /usr/lib/gcc/arm-none-eabi/5.4.1/../../../arm-none-eabi/lib/armv7e-m/fpu/crt0.o
 .data          0x0000000000000000        0x0 /usr/lib/gcc/arm-none-eabi/5.4.1/../../../arm-none-eabi/lib/armv7e-m/fpu/crt0.o
 .bss           0x0000000000000000        0x0 /usr/lib/gcc/arm-none-eabi/5.4.1/../../../arm-none-eabi/lib/armv7e-m/fpu/crt0.o
 .ARM.extab     0x0000000000000000        0x0 /usr/lib/gcc/arm-none-eabi/5.4.1/../../../arm-none-eabi/lib/armv7e-m/fpu/crt0.o
 .ARM.exidx     0x0000000000000000        0x8 /usr/lib/gcc/arm-none-eabi/5.4.1/../../../arm-none-eabi/lib/armv7e-m/fpu/crt0.o
 .debug_line    0x0000000000000000       0x7e /usr/lib/gcc/arm-none-eabi/5.4.1/../../../arm-none-eabi/lib/armv7e-m/fpu/crt0.o
 .debug_info    0x0000000000000000       0xa5 /usr/lib/gcc/arm-none-eabi/5.4.1/../../../arm-none-eabi/lib/armv7e-m/fpu/crt0.o
 .debug_abbrev  0x0000000000000000       0x14 /usr/lib/gcc/arm-none-eabi/5.4.1/../../../arm-none-eabi/lib/armv7e-m/fpu/crt0.o
 .debug_aranges
                0x0000000000000000       0x20 /usr/lib/gcc/arm-none-eabi/5.4.1/../../../arm-none-eabi/lib/armv7e-m/fpu/crt0.o
 .ARM.attributes
                0x0000000000000000       0x20 /usr/lib/gcc/arm-none-eabi/5.4.1/../../../arm-none-eabi/lib/armv7e-m/fpu/crt0.o
 .group         0x0000000000000000        0x8 ./src/main.o
 .group         0x0000000000000000        0x8 ./src/main.o
 .group         0x0000000000000000        0x8 ./src/main.o
 .group         0x0000000000000000        0x8 ./src/main.o
 .group         0x0000000000000000        0x8 ./src/main.o
 .group         0x0000000000000000        0x8 ./src/main.o
 .group         0x0000000000000000        0x8 ./src/main.o
 .group         0x0000000000000000        0x8 ./src/main.o
 .group         0x0000000000000000        0x8 ./src/main.o
 .group         0x0000000000000000        0x8 ./src/main.o
 .group         0x0000000000000000        0x8 ./src/main.o
 .group         0x0000000000000000        0x8 ./src/main.o
 .group         0x0000000000000000        0x8 ./src/main.o
 .group         0x0000000000000000        0x8 ./src/main.o
 .group         0x0000000000000000        0x8 ./src/main.o
 .group         0x0000000000000000        0x8 ./src/main.o
 .group         0x0000000000000000        0x8 ./src/main.o
 .group         0x0000000000000000        0x8 ./src/main.o
 .group         0x0000000000000000        0x8 ./src/main.o
 .group         0x0000000000000000        0x8 ./src/main.o
 .group         0x0000000000000000        0x8 ./src/main.o
 .group         0x0000000000000000        0x8 ./src/main.o
 .group         0x0000000000000000        0x8 ./src/main.o
 .group         0x0000000000000000        0x8 ./src/main.o
 .group         0x0000000000000000        0x8 ./src/main.o
 .group         0x0000000000000000        0x8 ./src/main.o
 .group         0x0000000000000000        0x8 ./src/main.o
 .group         0x0000000000000000        0x8 ./src/main.o
 .group         0x0000000000000000        0x8 ./src/main.o
 .text          0x0000000000000000        0x0 ./src/main.o
 .data          0x0000000000000000        0x0 ./src/main.o
 .bss           0x0000000000000000        0x0 ./src/main.o
 .group         0x0000000000000000        0x8 ./src/startup_gcc.o
 .group         0x0000000000000000        0x8 ./src/startup_gcc.o
 .group         0x0000000000000000        0x8 ./src/startup_gcc.o
 .group         0x0000000000000000        0x8 ./src/startup_gcc.o
 .group         0x0000000000000000        0x8 ./src/startup_gcc.o
 .group         0x0000000000000000        0x8 ./src/startup_gcc.o
 .group         0x0000000000000000        0x8 ./src/startup_gcc.o
 .group         0x0000000000000000        0x8 ./src/startup_gcc.o
 .group         0x0000000000000000        0x8 ./src/startup_gcc.o
 .text          0x0000000000000000        0x0 ./src/startup_gcc.o
 .data          0x0000000000000000        0x0 ./src/startup_gcc.o
 .bss           0x0000000000000000        0x0 ./src/startup_gcc.o
 .debug_macro   0x0000000000000000      0x880 ./src/startup_gcc.o
 .debug_macro   0x0000000000000000       0x22 ./src/startup_gcc.o
 .debug_macro   0x0000000000000000       0x87 ./src/startup_gcc.o
 .debug_macro   0x0000000000000000       0x44 ./src/startup_gcc.o
 .debug_macro   0x0000000000000000       0xfd ./src/startup_gcc.o
 .debug_macro   0x0000000000000000       0x5e ./src/startup_gcc.o
 .debug_macro   0x0000000000000000      0x1df ./src/startup_gcc.o
 .debug_macro   0x0000000000000000       0x67 ./src/startup_gcc.o
 .group         0x0000000000000000        0x8 ./SW-EK-TM4C123GXL-2.1.4.178/utils/uartstdio.o
 .group         0x0000000000000000        0x8 ./SW-EK-TM4C123GXL-2.1.4.178/utils/uartstdio.o
 .group         0x0000000000000000        0x8 ./SW-EK-TM4C123GXL-2.1.4.178/utils/uartstdio.o
 .group         0x0000000000000000        0x8 ./SW-EK-TM4C123GXL-2.1.4.178/utils/uartstdio.o
 .group         0x0000000000000000        0x8 ./SW-EK-TM4C123GXL-2.1.4.178/utils/uartstdio.o
 .group         0x0000000000000000        0x8 ./SW-EK-TM4C123GXL-2.1.4.178/utils/uartstdio.o
 .group         0x0000000000000000        0x8 ./SW-EK-TM4C123GXL-2.1.4.178/utils/uartstdio.o
 .group         0x0000000000000000        0x8 ./SW-EK-TM4C123GXL-2.1.4.178/utils/uartstdio.o
 .group         0x0000000000000000        0x8 ./SW-EK-TM4C123GXL-2.1.4.178/utils/uartstdio.o
 .group         0x0000000000000000        0x8 ./SW-EK-TM4C123GXL-2.1.4.178/utils/uartstdio.o
 .group         0x0000000000000000        0x8 ./SW-EK-TM4C123GXL-2.1.4.178/utils/uartstdio.o
 .group         0x0000000000000000        0x8 ./SW-EK-TM4C123GXL-2.1.4.178/utils/uartstdio.o
 .group         0x0000000000000000        0x8 ./SW-EK-TM4C123GXL-2.1.4.178/utils/uartstdio.o
 .group         0x0000000000000000        0x8 ./SW-EK-TM4C123GXL-2.1.4.178/utils/uartstdio.o
 .group         0x0000000000000000        0x8 ./SW-EK-TM4C123GXL-2.1.4.178/utils/uartstdio.o
 .group         0x0000000000000000        0x8 ./SW-EK-TM4C123GXL-2.1.4.178/utils/uartstdio.o
 .group         0x0000000000000000        0x8 ./SW-EK-TM4C123GXL-2.1.4.178/utils/uartstdio.o
 .group         0x0000000000000000        0x8 ./SW-EK-TM4C123GXL-2.1.4.178/utils/uartstdio.o
 .group         0x0000000000000000        0x8 ./SW-EK-TM4C123GXL-2.1.4.178/utils/uartstdio.o
 .text          0x0000000000000000        0x0 ./SW-EK-TM4C123GXL-2.1.4.178/utils/uartstdio.o
 .data          0x0000000000000000        0x0 ./SW-EK-TM4C123GXL-2.1.4.178/utils/uartstdio.o
 .bss           0x0000000000000000        0x0 ./SW-EK-TM4C123GXL-2.1.4.178/utils/uartstdio.o
 .rodata.g_pcHex
                0x0000000000000000        0x4 ./SW-EK-TM4C123GXL-2.1.4.178/utils/uartstdio.o
 .text.UARTgets
                0x0000000000000000       0xdc ./SW-EK-TM4C123GXL-2.1.4.178/utils/uartstdio.o
 .text.UARTgetc
                0x0000000000000000       0x1c ./SW-EK-TM4C123GXL-2.1.4.178/utils/uartstdio.o
 .bss.bLastWasCR.4544
                0x0000000000000000        0x1 ./SW-EK-TM4C123GXL-2.1.4.178/utils/uartstdio.o
 .debug_macro   0x0000000000000000      0x880 ./SW-EK-TM4C123GXL-2.1.4.178/utils/uartstdio.o
 .debug_macro   0x0000000000000000       0x22 ./SW-EK-TM4C123GXL-2.1.4.178/utils/uartstdio.o
 .debug_macro   0x0000000000000000       0x22 ./SW-EK-TM4C123GXL-2.1.4.178/utils/uartstdio.o
 .debug_macro   0x0000000000000000       0x87 ./SW-EK-TM4C123GXL-2.1.4.178/utils/uartstdio.o
 .debug_macro   0x0000000000000000       0x44 ./SW-EK-TM4C123GXL-2.1.4.178/utils/uartstdio.o
 .debug_macro   0x0000000000000000       0xfd ./SW-EK-TM4C123GXL-2.1.4.178/utils/uartstdio.o
 .debug_macro   0x0000000000000000       0x5e ./SW-EK-TM4C123GXL-2.1.4.178/utils/uartstdio.o
 .debug_macro   0x0000000000000000      0x1df ./SW-EK-TM4C123GXL-2.1.4.178/utils/uartstdio.o
 .debug_macro   0x0000000000000000       0x58 ./SW-EK-TM4C123GXL-2.1.4.178/utils/uartstdio.o
 .debug_macro   0x0000000000000000       0x67 ./SW-EK-TM4C123GXL-2.1.4.178/utils/uartstdio.o
 .debug_macro   0x0000000000000000      0xa88 ./SW-EK-TM4C123GXL-2.1.4.178/utils/uartstdio.o
 .debug_macro   0x0000000000000000      0x17a ./SW-EK-TM4C123GXL-2.1.4.178/utils/uartstdio.o
 .text          0x0000000000000000        0x0 /home/student/eclipse-workspace/Tiva_C_LaunchPad/SW-EK-TM4C123GXL-2.1.4.178/driverlib/gcc/libdriver.a(gpio.o)
 .data          0x0000000000000000        0x0 /home/student/eclipse-workspace/Tiva_C_LaunchPad/SW-EK-TM4C123GXL-2.1.4.178/driverlib/gcc/libdriver.a(gpio.o)
 .bss           0x0000000000000000        0x0 /home/student/eclipse-workspace/Tiva_C_LaunchPad/SW-EK-TM4C123GXL-2.1.4.178/driverlib/gcc/libdriver.a(gpio.o)
 .text._GPIOIntNumberGet
                0x0000000000000000       0x48 /home/student/eclipse-workspace/Tiva_C_LaunchPad/SW-EK-TM4C123GXL-2.1.4.178/driverlib/gcc/libdriver.a(gpio.o)
 .text.GPIODirModeGet
                0x0000000000000000       0x24 /home/student/eclipse-workspace/Tiva_C_LaunchPad/SW-EK-TM4C123GXL-2.1.4.178/driverlib/gcc/libdriver.a(gpio.o)
 .text.GPIOIntTypeSet
                0x0000000000000000       0x5a /home/student/eclipse-workspace/Tiva_C_LaunchPad/SW-EK-TM4C123GXL-2.1.4.178/driverlib/gcc/libdriver.a(gpio.o)
 .text.GPIOIntTypeGet
                0x0000000000000000       0x4a /home/student/eclipse-workspace/Tiva_C_LaunchPad/SW-EK-TM4C123GXL-2.1.4.178/driverlib/gcc/libdriver.a(gpio.o)
 .text.GPIOPadConfigGet
                0x0000000000000000       0xc4 /home/student/eclipse-workspace/Tiva_C_LaunchPad/SW-EK-TM4C123GXL-2.1.4.178/driverlib/gcc/libdriver.a(gpio.o)
 .text.GPIOIntEnable
                0x0000000000000000        0xc /home/student/eclipse-workspace/Tiva_C_LaunchPad/SW-EK-TM4C123GXL-2.1.4.178/driverlib/gcc/libdriver.a(gpio.o)
 .text.GPIOIntDisable
                0x0000000000000000        0xe /home/student/eclipse-workspace/Tiva_C_LaunchPad/SW-EK-TM4C123GXL-2.1.4.178/driverlib/gcc/libdriver.a(gpio.o)
 .text.GPIOIntStatus
                0x0000000000000000        0xe /home/student/eclipse-workspace/Tiva_C_LaunchPad/SW-EK-TM4C123GXL-2.1.4.178/driverlib/gcc/libdriver.a(gpio.o)
 .text.GPIOIntClear
                0x0000000000000000        0x6 /home/student/eclipse-workspace/Tiva_C_LaunchPad/SW-EK-TM4C123GXL-2.1.4.178/driverlib/gcc/libdriver.a(gpio.o)
 .text.GPIOIntRegister
                0x0000000000000000       0x1a /home/student/eclipse-workspace/Tiva_C_LaunchPad/SW-EK-TM4C123GXL-2.1.4.178/driverlib/gcc/libdriver.a(gpio.o)
 .text.GPIOIntUnregister
                0x0000000000000000       0x16 /home/student/eclipse-workspace/Tiva_C_LaunchPad/SW-EK-TM4C123GXL-2.1.4.178/driverlib/gcc/libdriver.a(gpio.o)
 .text.GPIOIntRegisterPin
                0x0000000000000000       0x1e /home/student/eclipse-workspace/Tiva_C_LaunchPad/SW-EK-TM4C123GXL-2.1.4.178/driverlib/gcc/libdriver.a(gpio.o)
 .text.GPIOIntUnregisterPin
                0x0000000000000000       0x1a /home/student/eclipse-workspace/Tiva_C_LaunchPad/SW-EK-TM4C123GXL-2.1.4.178/driverlib/gcc/libdriver.a(gpio.o)
 .text.GPIOPinRead
                0x0000000000000000        0x6 /home/student/eclipse-workspace/Tiva_C_LaunchPad/SW-EK-TM4C123GXL-2.1.4.178/driverlib/gcc/libdriver.a(gpio.o)
 .text.GPIOPinWrite
                0x0000000000000000        0x6 /home/student/eclipse-workspace/Tiva_C_LaunchPad/SW-EK-TM4C123GXL-2.1.4.178/driverlib/gcc/libdriver.a(gpio.o)
 .text.GPIOPinTypeADC
                0x0000000000000000       0x1c /home/student/eclipse-workspace/Tiva_C_LaunchPad/SW-EK-TM4C123GXL-2.1.4.178/driverlib/gcc/libdriver.a(gpio.o)
 .text.GPIOPinTypeCAN
                0x0000000000000000       0x1c /home/student/eclipse-workspace/Tiva_C_LaunchPad/SW-EK-TM4C123GXL-2.1.4.178/driverlib/gcc/libdriver.a(gpio.o)
 .text.GPIOPinTypeComparator
                0x0000000000000000       0x1c /home/student/eclipse-workspace/Tiva_C_LaunchPad/SW-EK-TM4C123GXL-2.1.4.178/driverlib/gcc/libdriver.a(gpio.o)
 .text.GPIOPinTypeComparatorOutput
                0x0000000000000000       0x1c /home/student/eclipse-workspace/Tiva_C_LaunchPad/SW-EK-TM4C123GXL-2.1.4.178/driverlib/gcc/libdriver.a(gpio.o)
 .text.GPIOPinTypeDIVSCLK
                0x0000000000000000       0x1c /home/student/eclipse-workspace/Tiva_C_LaunchPad/SW-EK-TM4C123GXL-2.1.4.178/driverlib/gcc/libdriver.a(gpio.o)
 .text.GPIOPinTypeEPI
                0x0000000000000000       0x1c /home/student/eclipse-workspace/Tiva_C_LaunchPad/SW-EK-TM4C123GXL-2.1.4.178/driverlib/gcc/libdriver.a(gpio.o)
 .text.GPIOPinTypeEthernetLED
                0x0000000000000000       0x1c /home/student/eclipse-workspace/Tiva_C_LaunchPad/SW-EK-TM4C123GXL-2.1.4.178/driverlib/gcc/libdriver.a(gpio.o)
 .text.GPIOPinTypeEthernetMII
                0x0000000000000000       0x1c /home/student/eclipse-workspace/Tiva_C_LaunchPad/SW-EK-TM4C123GXL-2.1.4.178/driverlib/gcc/libdriver.a(gpio.o)
 .text.GPIOPinTypeGPIOInput
                0x0000000000000000       0x1c /home/student/eclipse-workspace/Tiva_C_LaunchPad/SW-EK-TM4C123GXL-2.1.4.178/driverlib/gcc/libdriver.a(gpio.o)
 .text.GPIOPinTypeGPIOOutput
                0x0000000000000000       0x1c /home/student/eclipse-workspace/Tiva_C_LaunchPad/SW-EK-TM4C123GXL-2.1.4.178/driverlib/gcc/libdriver.a(gpio.o)
 .text.GPIOPinTypeGPIOOutputOD
                0x0000000000000000       0x1c /home/student/eclipse-workspace/Tiva_C_LaunchPad/SW-EK-TM4C123GXL-2.1.4.178/driverlib/gcc/libdriver.a(gpio.o)
 .text.GPIOPinTypeHibernateRTCCLK
                0x0000000000000000       0x1c /home/student/eclipse-workspace/Tiva_C_LaunchPad/SW-EK-TM4C123GXL-2.1.4.178/driverlib/gcc/libdriver.a(gpio.o)
 .text.GPIOPinTypeI2C
                0x0000000000000000       0x1c /home/student/eclipse-workspace/Tiva_C_LaunchPad/SW-EK-TM4C123GXL-2.1.4.178/driverlib/gcc/libdriver.a(gpio.o)
 .text.GPIOPinTypeI2CSCL
                0x0000000000000000       0x1c /home/student/eclipse-workspace/Tiva_C_LaunchPad/SW-EK-TM4C123GXL-2.1.4.178/driverlib/gcc/libdriver.a(gpio.o)
 .text.GPIOPinTypeLCD
                0x0000000000000000       0x1c /home/student/eclipse-workspace/Tiva_C_LaunchPad/SW-EK-TM4C123GXL-2.1.4.178/driverlib/gcc/libdriver.a(gpio.o)
 .text.GPIOPinTypeOneWire
                0x0000000000000000       0x1c /home/student/eclipse-workspace/Tiva_C_LaunchPad/SW-EK-TM4C123GXL-2.1.4.178/driverlib/gcc/libdriver.a(gpio.o)
 .text.GPIOPinTypePWM
                0x0000000000000000       0x1c /home/student/eclipse-workspace/Tiva_C_LaunchPad/SW-EK-TM4C123GXL-2.1.4.178/driverlib/gcc/libdriver.a(gpio.o)
 .text.GPIOPinTypeQEI
                0x0000000000000000       0x1c /home/student/eclipse-workspace/Tiva_C_LaunchPad/SW-EK-TM4C123GXL-2.1.4.178/driverlib/gcc/libdriver.a(gpio.o)
 .text.GPIOPinTypeSSI
                0x0000000000000000       0x1c /home/student/eclipse-workspace/Tiva_C_LaunchPad/SW-EK-TM4C123GXL-2.1.4.178/driverlib/gcc/libdriver.a(gpio.o)
 .text.GPIOPinTypeTimer
                0x0000000000000000       0x1c /home/student/eclipse-workspace/Tiva_C_LaunchPad/SW-EK-TM4C123GXL-2.1.4.178/driverlib/gcc/libdriver.a(gpio.o)
 .text.GPIOPinTypeTrace
                0x0000000000000000       0x1c /home/student/eclipse-workspace/Tiva_C_LaunchPad/SW-EK-TM4C123GXL-2.1.4.178/driverlib/gcc/libdriver.a(gpio.o)
 .text.GPIOPinTypeUSBAnalog
                0x0000000000000000       0x1c /home/student/eclipse-workspace/Tiva_C_LaunchPad/SW-EK-TM4C123GXL-2.1.4.178/driverlib/gcc/libdriver.a(gpio.o)
 .text.GPIOPinTypeUSBDigital
                0x0000000000000000       0x1c /home/student/eclipse-workspace/Tiva_C_LaunchPad/SW-EK-TM4C123GXL-2.1.4.178/driverlib/gcc/libdriver.a(gpio.o)
 .text.GPIOPinTypeWakeHigh
                0x0000000000000000       0x1e /home/student/eclipse-workspace/Tiva_C_LaunchPad/SW-EK-TM4C123GXL-2.1.4.178/driverlib/gcc/libdriver.a(gpio.o)
 .text.GPIOPinTypeWakeLow
                0x0000000000000000       0x1e /home/student/eclipse-workspace/Tiva_C_LaunchPad/SW-EK-TM4C123GXL-2.1.4.178/driverlib/gcc/libdriver.a(gpio.o)
 .text.GPIOPinWakeStatus
                0x0000000000000000        0x6 /home/student/eclipse-workspace/Tiva_C_LaunchPad/SW-EK-TM4C123GXL-2.1.4.178/driverlib/gcc/libdriver.a(gpio.o)
 .text.GPIODMATriggerEnable
                0x0000000000000000        0xc /home/student/eclipse-workspace/Tiva_C_LaunchPad/SW-EK-TM4C123GXL-2.1.4.178/driverlib/gcc/libdriver.a(gpio.o)
 .text.GPIODMATriggerDisable
                0x0000000000000000        0xe /home/student/eclipse-workspace/Tiva_C_LaunchPad/SW-EK-TM4C123GXL-2.1.4.178/driverlib/gcc/libdriver.a(gpio.o)
 .text.GPIOADCTriggerEnable
                0x0000000000000000        0xc /home/student/eclipse-workspace/Tiva_C_LaunchPad/SW-EK-TM4C123GXL-2.1.4.178/driverlib/gcc/libdriver.a(gpio.o)
 .text.GPIOADCTriggerDisable
                0x0000000000000000        0xe /home/student/eclipse-workspace/Tiva_C_LaunchPad/SW-EK-TM4C123GXL-2.1.4.178/driverlib/gcc/libdriver.a(gpio.o)
 .rodata.g_ppui32GPIOIntMapSnowflake
                0x0000000000000000       0xd8 /home/student/eclipse-workspace/Tiva_C_LaunchPad/SW-EK-TM4C123GXL-2.1.4.178/driverlib/gcc/libdriver.a(gpio.o)
 .rodata.g_ppui32GPIOIntMapBlizzard
                0x0000000000000000       0xc0 /home/student/eclipse-workspace/Tiva_C_LaunchPad/SW-EK-TM4C123GXL-2.1.4.178/driverlib/gcc/libdriver.a(gpio.o)
 .text          0x0000000000000000        0x0 /home/student/eclipse-workspace/Tiva_C_LaunchPad/SW-EK-TM4C123GXL-2.1.4.178/driverlib/gcc/libdriver.a(interrupt.o)
 .data          0x0000000000000000        0x0 /home/student/eclipse-workspace/Tiva_C_LaunchPad/SW-EK-TM4C123GXL-2.1.4.178/driverlib/gcc/libdriver.a(interrupt.o)
 .bss           0x0000000000000000        0x0 /home/student/eclipse-workspace/Tiva_C_LaunchPad/SW-EK-TM4C123GXL-2.1.4.178/driverlib/gcc/libdriver.a(interrupt.o)
 .text._IntDefaultHandler
                0x0000000000000000        0x2 /home/student/eclipse-workspace/Tiva_C_LaunchPad/SW-EK-TM4C123GXL-2.1.4.178/driverlib/gcc/libdriver.a(interrupt.o)
 .text.IntMasterEnable
                0x0000000000000000        0xe /home/student/eclipse-workspace/Tiva_C_LaunchPad/SW-EK-TM4C123GXL-2.1.4.178/driverlib/gcc/libdriver.a(interrupt.o)
 .text.IntMasterDisable
                0x0000000000000000        0xe /home/student/eclipse-workspace/Tiva_C_LaunchPad/SW-EK-TM4C123GXL-2.1.4.178/driverlib/gcc/libdriver.a(interrupt.o)
 .text.IntRegister
                0x0000000000000000       0x34 /home/student/eclipse-workspace/Tiva_C_LaunchPad/SW-EK-TM4C123GXL-2.1.4.178/driverlib/gcc/libdriver.a(interrupt.o)
 .text.IntUnregister
                0x0000000000000000       0x14 /home/student/eclipse-workspace/Tiva_C_LaunchPad/SW-EK-TM4C123GXL-2.1.4.178/driverlib/gcc/libdriver.a(interrupt.o)
 .text.IntPriorityGroupingSet
                0x0000000000000000       0x1c /home/student/eclipse-workspace/Tiva_C_LaunchPad/SW-EK-TM4C123GXL-2.1.4.178/driverlib/gcc/libdriver.a(interrupt.o)
 .text.IntPriorityGroupingGet
                0x0000000000000000       0x24 /home/student/eclipse-workspace/Tiva_C_LaunchPad/SW-EK-TM4C123GXL-2.1.4.178/driverlib/gcc/libdriver.a(interrupt.o)
 .text.IntPrioritySet
                0x0000000000000000       0x2c /home/student/eclipse-workspace/Tiva_C_LaunchPad/SW-EK-TM4C123GXL-2.1.4.178/driverlib/gcc/libdriver.a(interrupt.o)
 .text.IntPriorityGet
                0x0000000000000000       0x1c /home/student/eclipse-workspace/Tiva_C_LaunchPad/SW-EK-TM4C123GXL-2.1.4.178/driverlib/gcc/libdriver.a(interrupt.o)
 .text.IntEnable
                0x0000000000000000       0x60 /home/student/eclipse-workspace/Tiva_C_LaunchPad/SW-EK-TM4C123GXL-2.1.4.178/driverlib/gcc/libdriver.a(interrupt.o)
 .text.IntDisable
                0x0000000000000000       0x60 /home/student/eclipse-workspace/Tiva_C_LaunchPad/SW-EK-TM4C123GXL-2.1.4.178/driverlib/gcc/libdriver.a(interrupt.o)
 .text.IntIsEnabled
                0x0000000000000000       0x64 /home/student/eclipse-workspace/Tiva_C_LaunchPad/SW-EK-TM4C123GXL-2.1.4.178/driverlib/gcc/libdriver.a(interrupt.o)
 .text.IntPendSet
                0x0000000000000000       0x50 /home/student/eclipse-workspace/Tiva_C_LaunchPad/SW-EK-TM4C123GXL-2.1.4.178/driverlib/gcc/libdriver.a(interrupt.o)
 .text.IntPendClear
                0x0000000000000000       0x40 /home/student/eclipse-workspace/Tiva_C_LaunchPad/SW-EK-TM4C123GXL-2.1.4.178/driverlib/gcc/libdriver.a(interrupt.o)
 .text.IntPriorityMaskSet
                0x0000000000000000        0x4 /home/student/eclipse-workspace/Tiva_C_LaunchPad/SW-EK-TM4C123GXL-2.1.4.178/driverlib/gcc/libdriver.a(interrupt.o)
 .text.IntPriorityMaskGet
                0x0000000000000000        0x4 /home/student/eclipse-workspace/Tiva_C_LaunchPad/SW-EK-TM4C123GXL-2.1.4.178/driverlib/gcc/libdriver.a(interrupt.o)
 .text.IntTrigger
                0x0000000000000000        0xc /home/student/eclipse-workspace/Tiva_C_LaunchPad/SW-EK-TM4C123GXL-2.1.4.178/driverlib/gcc/libdriver.a(interrupt.o)
 .rodata.g_pui32Priority
                0x0000000000000000       0x20 /home/student/eclipse-workspace/Tiva_C_LaunchPad/SW-EK-TM4C123GXL-2.1.4.178/driverlib/gcc/libdriver.a(interrupt.o)
 .rodata.g_pui32Dii16Regs
                0x0000000000000000       0x14 /home/student/eclipse-workspace/Tiva_C_LaunchPad/SW-EK-TM4C123GXL-2.1.4.178/driverlib/gcc/libdriver.a(interrupt.o)
 .rodata.g_pui32PendRegs
                0x0000000000000000       0x14 /home/student/eclipse-workspace/Tiva_C_LaunchPad/SW-EK-TM4C123GXL-2.1.4.178/driverlib/gcc/libdriver.a(interrupt.o)
 vtable         0x0000000000000000      0x400 /home/student/eclipse-workspace/Tiva_C_LaunchPad/SW-EK-TM4C123GXL-2.1.4.178/driverlib/gcc/libdriver.a(interrupt.o)
 .rodata.g_pui32Regs
                0x0000000000000000       0x9c /home/student/eclipse-workspace/Tiva_C_LaunchPad/SW-EK-TM4C123GXL-2.1.4.178/driverlib/gcc/libdriver.a(interrupt.o)
 .rodata.g_pui32EnRegs
                0x0000000000000000       0x14 /home/student/eclipse-workspace/Tiva_C_LaunchPad/SW-EK-TM4C123GXL-2.1.4.178/driverlib/gcc/libdriver.a(interrupt.o)
 .rodata.g_pui32UnpendRegs
                0x0000000000000000       0x14 /home/student/eclipse-workspace/Tiva_C_LaunchPad/SW-EK-TM4C123GXL-2.1.4.178/driverlib/gcc/libdriver.a(interrupt.o)
 .comment       0x0000000000000000       0x71 /home/student/eclipse-workspace/Tiva_C_LaunchPad/SW-EK-TM4C123GXL-2.1.4.178/driverlib/gcc/libdriver.a(interrupt.o)
 .ARM.attributes
                0x0000000000000000       0x3b /home/student/eclipse-workspace/Tiva_C_LaunchPad/SW-EK-TM4C123GXL-2.1.4.178/driverlib/gcc/libdriver.a(interrupt.o)
 .text          0x0000000000000000        0x0 /home/student/eclipse-workspace/Tiva_C_LaunchPad/SW-EK-TM4C123GXL-2.1.4.178/driverlib/gcc/libdriver.a(sysctl.o)
 .data          0x0000000000000000        0x0 /home/student/eclipse-workspace/Tiva_C_LaunchPad/SW-EK-TM4C123GXL-2.1.4.178/driverlib/gcc/libdriver.a(sysctl.o)
 .bss           0x0000000000000000        0x0 /home/student/eclipse-workspace/Tiva_C_LaunchPad/SW-EK-TM4C123GXL-2.1.4.178/driverlib/gcc/libdriver.a(sysctl.o)
 .text._SysCtlMemTimingGet
                0x0000000000000000       0x24 /home/student/eclipse-workspace/Tiva_C_LaunchPad/SW-EK-TM4C123GXL-2.1.4.178/driverlib/gcc/libdriver.a(sysctl.o)
 .text.SysCtlSRAMSizeGet
                0x0000000000000000       0x10 /home/student/eclipse-workspace/Tiva_C_LaunchPad/SW-EK-TM4C123GXL-2.1.4.178/driverlib/gcc/libdriver.a(sysctl.o)
 .text.SysCtlFlashSizeGet
                0x0000000000000000       0x3c /home/student/eclipse-workspace/Tiva_C_LaunchPad/SW-EK-TM4C123GXL-2.1.4.178/driverlib/gcc/libdriver.a(sysctl.o)
 .text.SysCtlFlashSectorSizeGet
                0x0000000000000000       0x38 /home/student/eclipse-workspace/Tiva_C_LaunchPad/SW-EK-TM4C123GXL-2.1.4.178/driverlib/gcc/libdriver.a(sysctl.o)
 .text.SysCtlPeripheralReady
                0x0000000000000000       0x26 /home/student/eclipse-workspace/Tiva_C_LaunchPad/SW-EK-TM4C123GXL-2.1.4.178/driverlib/gcc/libdriver.a(sysctl.o)
 .text.SysCtlPeripheralPowerOn
                0x0000000000000000       0x22 /home/student/eclipse-workspace/Tiva_C_LaunchPad/SW-EK-TM4C123GXL-2.1.4.178/driverlib/gcc/libdriver.a(sysctl.o)
 .text.SysCtlPeripheralPowerOff
                0x0000000000000000       0x22 /home/student/eclipse-workspace/Tiva_C_LaunchPad/SW-EK-TM4C123GXL-2.1.4.178/driverlib/gcc/libdriver.a(sysctl.o)
 .text.SysCtlPeripheralReset
                0x0000000000000000       0x3a /home/student/eclipse-workspace/Tiva_C_LaunchPad/SW-EK-TM4C123GXL-2.1.4.178/driverlib/gcc/libdriver.a(sysctl.o)
 .text.SysCtlPeripheralDisable
                0x0000000000000000       0x22 /home/student/eclipse-workspace/Tiva_C_LaunchPad/SW-EK-TM4C123GXL-2.1.4.178/driverlib/gcc/libdriver.a(sysctl.o)
 .text.SysCtlPeripheralSleepEnable
                0x0000000000000000       0x22 /home/student/eclipse-workspace/Tiva_C_LaunchPad/SW-EK-TM4C123GXL-2.1.4.178/driverlib/gcc/libdriver.a(sysctl.o)
 .text.SysCtlPeripheralSleepDisable
                0x0000000000000000       0x22 /home/student/eclipse-workspace/Tiva_C_LaunchPad/SW-EK-TM4C123GXL-2.1.4.178/driverlib/gcc/libdriver.a(sysctl.o)
 .text.SysCtlPeripheralDeepSleepEnable
                0x0000000000000000       0x22 /home/student/eclipse-workspace/Tiva_C_LaunchPad/SW-EK-TM4C123GXL-2.1.4.178/driverlib/gcc/libdriver.a(sysctl.o)
 .text.SysCtlPeripheralDeepSleepDisable
                0x0000000000000000       0x22 /home/student/eclipse-workspace/Tiva_C_LaunchPad/SW-EK-TM4C123GXL-2.1.4.178/driverlib/gcc/libdriver.a(sysctl.o)
 .text.SysCtlPeripheralClockGating
                0x0000000000000000       0x48 /home/student/eclipse-workspace/Tiva_C_LaunchPad/SW-EK-TM4C123GXL-2.1.4.178/driverlib/gcc/libdriver.a(sysctl.o)
 .text.SysCtlIntRegister
                0x0000000000000000       0x14 /home/student/eclipse-workspace/Tiva_C_LaunchPad/SW-EK-TM4C123GXL-2.1.4.178/driverlib/gcc/libdriver.a(sysctl.o)
 .text.SysCtlIntUnregister
                0x0000000000000000       0x12 /home/student/eclipse-workspace/Tiva_C_LaunchPad/SW-EK-TM4C123GXL-2.1.4.178/driverlib/gcc/libdriver.a(sysctl.o)
 .text.SysCtlIntEnable
                0x0000000000000000       0x10 /home/student/eclipse-workspace/Tiva_C_LaunchPad/SW-EK-TM4C123GXL-2.1.4.178/driverlib/gcc/libdriver.a(sysctl.o)
 .text.SysCtlIntDisable
                0x0000000000000000       0x10 /home/student/eclipse-workspace/Tiva_C_LaunchPad/SW-EK-TM4C123GXL-2.1.4.178/driverlib/gcc/libdriver.a(sysctl.o)
 .text.SysCtlIntClear
                0x0000000000000000        0xc /home/student/eclipse-workspace/Tiva_C_LaunchPad/SW-EK-TM4C123GXL-2.1.4.178/driverlib/gcc/libdriver.a(sysctl.o)
 .text.SysCtlIntStatus
                0x0000000000000000       0x14 /home/student/eclipse-workspace/Tiva_C_LaunchPad/SW-EK-TM4C123GXL-2.1.4.178/driverlib/gcc/libdriver.a(sysctl.o)
 .text.SysCtlLDOSleepSet
                0x0000000000000000        0xc /home/student/eclipse-workspace/Tiva_C_LaunchPad/SW-EK-TM4C123GXL-2.1.4.178/driverlib/gcc/libdriver.a(sysctl.o)
 .text.SysCtlLDOSleepGet
                0x0000000000000000        0xc /home/student/eclipse-workspace/Tiva_C_LaunchPad/SW-EK-TM4C123GXL-2.1.4.178/driverlib/gcc/libdriver.a(sysctl.o)
 .text.SysCtlLDODeepSleepSet
                0x0000000000000000        0xc /home/student/eclipse-workspace/Tiva_C_LaunchPad/SW-EK-TM4C123GXL-2.1.4.178/driverlib/gcc/libdriver.a(sysctl.o)
 .text.SysCtlLDODeepSleepGet
                0x0000000000000000        0xc /home/student/eclipse-workspace/Tiva_C_LaunchPad/SW-EK-TM4C123GXL-2.1.4.178/driverlib/gcc/libdriver.a(sysctl.o)
 .text.SysCtlSleepPowerSet
                0x0000000000000000        0xc /home/student/eclipse-workspace/Tiva_C_LaunchPad/SW-EK-TM4C123GXL-2.1.4.178/driverlib/gcc/libdriver.a(sysctl.o)
 .text.SysCtlDeepSleepPowerSet
                0x0000000000000000        0xc /home/student/eclipse-workspace/Tiva_C_LaunchPad/SW-EK-TM4C123GXL-2.1.4.178/driverlib/gcc/libdriver.a(sysctl.o)
 .text.SysCtlReset
                0x0000000000000000       0x10 /home/student/eclipse-workspace/Tiva_C_LaunchPad/SW-EK-TM4C123GXL-2.1.4.178/driverlib/gcc/libdriver.a(sysctl.o)
 .text.SysCtlSleep
                0x0000000000000000        0x4 /home/student/eclipse-workspace/Tiva_C_LaunchPad/SW-EK-TM4C123GXL-2.1.4.178/driverlib/gcc/libdriver.a(sysctl.o)
 .text.SysCtlDeepSleep
                0x0000000000000000       0x20 /home/student/eclipse-workspace/Tiva_C_LaunchPad/SW-EK-TM4C123GXL-2.1.4.178/driverlib/gcc/libdriver.a(sysctl.o)
 .text.SysCtlResetCauseGet
                0x0000000000000000        0xc /home/student/eclipse-workspace/Tiva_C_LaunchPad/SW-EK-TM4C123GXL-2.1.4.178/driverlib/gcc/libdriver.a(sysctl.o)
 .text.SysCtlResetCauseClear
                0x0000000000000000       0x10 /home/student/eclipse-workspace/Tiva_C_LaunchPad/SW-EK-TM4C123GXL-2.1.4.178/driverlib/gcc/libdriver.a(sysctl.o)
 .text.SysCtlDelay
                0x0000000000000000        0x8 /home/student/eclipse-workspace/Tiva_C_LaunchPad/SW-EK-TM4C123GXL-2.1.4.178/driverlib/gcc/libdriver.a(sysctl.o)
 .text.SysCtlMOSCConfigSet
                0x0000000000000000        0xc /home/student/eclipse-workspace/Tiva_C_LaunchPad/SW-EK-TM4C123GXL-2.1.4.178/driverlib/gcc/libdriver.a(sysctl.o)
 .text.SysCtlPIOSCCalibrate
                0x0000000000000000       0x48 /home/student/eclipse-workspace/Tiva_C_LaunchPad/SW-EK-TM4C123GXL-2.1.4.178/driverlib/gcc/libdriver.a(sysctl.o)
 .text.SysCtlResetBehaviorSet
                0x0000000000000000        0xc /home/student/eclipse-workspace/Tiva_C_LaunchPad/SW-EK-TM4C123GXL-2.1.4.178/driverlib/gcc/libdriver.a(sysctl.o)
 .text.SysCtlResetBehaviorGet
                0x0000000000000000        0xc /home/student/eclipse-workspace/Tiva_C_LaunchPad/SW-EK-TM4C123GXL-2.1.4.178/driverlib/gcc/libdriver.a(sysctl.o)
 .text.SysCtlClockFreqSet
                0x0000000000000000      0x248 /home/student/eclipse-workspace/Tiva_C_LaunchPad/SW-EK-TM4C123GXL-2.1.4.178/driverlib/gcc/libdriver.a(sysctl.o)
 .text.SysCtlClockSet
                0x0000000000000000      0x11c /home/student/eclipse-workspace/Tiva_C_LaunchPad/SW-EK-TM4C123GXL-2.1.4.178/driverlib/gcc/libdriver.a(sysctl.o)
 .text.SysCtlDeepSleepClockSet
                0x0000000000000000        0xc /home/student/eclipse-workspace/Tiva_C_LaunchPad/SW-EK-TM4C123GXL-2.1.4.178/driverlib/gcc/libdriver.a(sysctl.o)
 .text.SysCtlDeepSleepClockConfigSet
                0x0000000000000000       0x60 /home/student/eclipse-workspace/Tiva_C_LaunchPad/SW-EK-TM4C123GXL-2.1.4.178/driverlib/gcc/libdriver.a(sysctl.o)
 .text.SysCtlPWMClockSet
                0x0000000000000000       0x14 /home/student/eclipse-workspace/Tiva_C_LaunchPad/SW-EK-TM4C123GXL-2.1.4.178/driverlib/gcc/libdriver.a(sysctl.o)
 .text.SysCtlPWMClockGet
                0x0000000000000000       0x18 /home/student/eclipse-workspace/Tiva_C_LaunchPad/SW-EK-TM4C123GXL-2.1.4.178/driverlib/gcc/libdriver.a(sysctl.o)
 .text.SysCtlGPIOAHBEnable
                0x0000000000000000       0x18 /home/student/eclipse-workspace/Tiva_C_LaunchPad/SW-EK-TM4C123GXL-2.1.4.178/driverlib/gcc/libdriver.a(sysctl.o)
 .text.SysCtlGPIOAHBDisable
                0x0000000000000000       0x1c /home/student/eclipse-workspace/Tiva_C_LaunchPad/SW-EK-TM4C123GXL-2.1.4.178/driverlib/gcc/libdriver.a(sysctl.o)
 .text.SysCtlUSBPLLEnable
                0x0000000000000000       0x10 /home/student/eclipse-workspace/Tiva_C_LaunchPad/SW-EK-TM4C123GXL-2.1.4.178/driverlib/gcc/libdriver.a(sysctl.o)
 .text.SysCtlUSBPLLDisable
                0x0000000000000000       0x10 /home/student/eclipse-workspace/Tiva_C_LaunchPad/SW-EK-TM4C123GXL-2.1.4.178/driverlib/gcc/libdriver.a(sysctl.o)
 .text.SysCtlVoltageEventConfig
                0x0000000000000000        0xc /home/student/eclipse-workspace/Tiva_C_LaunchPad/SW-EK-TM4C123GXL-2.1.4.178/driverlib/gcc/libdriver.a(sysctl.o)
 .text.SysCtlVoltageEventStatus
                0x0000000000000000        0xc /home/student/eclipse-workspace/Tiva_C_LaunchPad/SW-EK-TM4C123GXL-2.1.4.178/driverlib/gcc/libdriver.a(sysctl.o)
 .text.SysCtlVoltageEventClear
                0x0000000000000000       0x10 /home/student/eclipse-workspace/Tiva_C_LaunchPad/SW-EK-TM4C123GXL-2.1.4.178/driverlib/gcc/libdriver.a(sysctl.o)
 .text.SysCtlVCOGet
                0x0000000000000000       0x78 /home/student/eclipse-workspace/Tiva_C_LaunchPad/SW-EK-TM4C123GXL-2.1.4.178/driverlib/gcc/libdriver.a(sysctl.o)
 .text.SysCtlNMIStatus
                0x0000000000000000        0xc /home/student/eclipse-workspace/Tiva_C_LaunchPad/SW-EK-TM4C123GXL-2.1.4.178/driverlib/gcc/libdriver.a(sysctl.o)
 .text.SysCtlNMIClear
                0x0000000000000000       0x10 /home/student/eclipse-workspace/Tiva_C_LaunchPad/SW-EK-TM4C123GXL-2.1.4.178/driverlib/gcc/libdriver.a(sysctl.o)
 .text.SysCtlClockOutConfig
                0x0000000000000000       0x10 /home/student/eclipse-workspace/Tiva_C_LaunchPad/SW-EK-TM4C123GXL-2.1.4.178/driverlib/gcc/libdriver.a(sysctl.o)
 .text.SysCtlAltClkConfig
                0x0000000000000000        0xc /home/student/eclipse-workspace/Tiva_C_LaunchPad/SW-EK-TM4C123GXL-2.1.4.178/driverlib/gcc/libdriver.a(sysctl.o)
 .rodata.g_pppui32XTALtoVCO
                0x0000000000000000      0x1b0 /home/student/eclipse-workspace/Tiva_C_LaunchPad/SW-EK-TM4C123GXL-2.1.4.178/driverlib/gcc/libdriver.a(sysctl.o)
 .rodata.g_pui32VCOFrequencies
                0x0000000000000000        0x8 /home/student/eclipse-workspace/Tiva_C_LaunchPad/SW-EK-TM4C123GXL-2.1.4.178/driverlib/gcc/libdriver.a(sysctl.o)
 .rodata.g_sXTALtoMEMTIM
                0x0000000000000000       0x30 /home/student/eclipse-workspace/Tiva_C_LaunchPad/SW-EK-TM4C123GXL-2.1.4.178/driverlib/gcc/libdriver.a(sysctl.o)
 .text          0x0000000000000000        0x0 /home/student/eclipse-workspace/Tiva_C_LaunchPad/SW-EK-TM4C123GXL-2.1.4.178/driverlib/gcc/libdriver.a(uart.o)
 .data          0x0000000000000000        0x0 /home/student/eclipse-workspace/Tiva_C_LaunchPad/SW-EK-TM4C123GXL-2.1.4.178/driverlib/gcc/libdriver.a(uart.o)
 .bss           0x0000000000000000        0x0 /home/student/eclipse-workspace/Tiva_C_LaunchPad/SW-EK-TM4C123GXL-2.1.4.178/driverlib/gcc/libdriver.a(uart.o)
 .text._UARTIntNumberGet
                0x0000000000000000       0x44 /home/student/eclipse-workspace/Tiva_C_LaunchPad/SW-EK-TM4C123GXL-2.1.4.178/driverlib/gcc/libdriver.a(uart.o)
 .text.UARTParityModeSet
                0x0000000000000000        0xc /home/student/eclipse-workspace/Tiva_C_LaunchPad/SW-EK-TM4C123GXL-2.1.4.178/driverlib/gcc/libdriver.a(uart.o)
 .text.UARTParityModeGet
                0x0000000000000000        0x8 /home/student/eclipse-workspace/Tiva_C_LaunchPad/SW-EK-TM4C123GXL-2.1.4.178/driverlib/gcc/libdriver.a(uart.o)
 .text.UARTFIFOLevelSet
                0x0000000000000000        0x6 /home/student/eclipse-workspace/Tiva_C_LaunchPad/SW-EK-TM4C123GXL-2.1.4.178/driverlib/gcc/libdriver.a(uart.o)
 .text.UARTFIFOLevelGet
                0x0000000000000000       0x10 /home/student/eclipse-workspace/Tiva_C_LaunchPad/SW-EK-TM4C123GXL-2.1.4.178/driverlib/gcc/libdriver.a(uart.o)
 .text.UARTConfigGetExpClk
                0x0000000000000000       0x28 /home/student/eclipse-workspace/Tiva_C_LaunchPad/SW-EK-TM4C123GXL-2.1.4.178/driverlib/gcc/libdriver.a(uart.o)
 .text.UARTFIFOEnable
                0x0000000000000000        0xa /home/student/eclipse-workspace/Tiva_C_LaunchPad/SW-EK-TM4C123GXL-2.1.4.178/driverlib/gcc/libdriver.a(uart.o)
 .text.UARTFIFODisable
                0x0000000000000000        0xa /home/student/eclipse-workspace/Tiva_C_LaunchPad/SW-EK-TM4C123GXL-2.1.4.178/driverlib/gcc/libdriver.a(uart.o)
 .text.UARTEnableSIR
                0x0000000000000000       0x12 /home/student/eclipse-workspace/Tiva_C_LaunchPad/SW-EK-TM4C123GXL-2.1.4.178/driverlib/gcc/libdriver.a(uart.o)
 .text.UARTDisableSIR
                0x0000000000000000        0xa /home/student/eclipse-workspace/Tiva_C_LaunchPad/SW-EK-TM4C123GXL-2.1.4.178/driverlib/gcc/libdriver.a(uart.o)
 .text.UARTSmartCardEnable
                0x0000000000000000       0x16 /home/student/eclipse-workspace/Tiva_C_LaunchPad/SW-EK-TM4C123GXL-2.1.4.178/driverlib/gcc/libdriver.a(uart.o)
 .text.UARTSmartCardDisable
                0x0000000000000000        0xa /home/student/eclipse-workspace/Tiva_C_LaunchPad/SW-EK-TM4C123GXL-2.1.4.178/driverlib/gcc/libdriver.a(uart.o)
 .text.UARTModemControlSet
                0x0000000000000000        0xc /home/student/eclipse-workspace/Tiva_C_LaunchPad/SW-EK-TM4C123GXL-2.1.4.178/driverlib/gcc/libdriver.a(uart.o)
 .text.UARTModemControlClear
                0x0000000000000000        0xe /home/student/eclipse-workspace/Tiva_C_LaunchPad/SW-EK-TM4C123GXL-2.1.4.178/driverlib/gcc/libdriver.a(uart.o)
 .text.UARTModemControlGet
                0x0000000000000000        0x8 /home/student/eclipse-workspace/Tiva_C_LaunchPad/SW-EK-TM4C123GXL-2.1.4.178/driverlib/gcc/libdriver.a(uart.o)
 .text.UARTModemStatusGet
                0x0000000000000000        0xa /home/student/eclipse-workspace/Tiva_C_LaunchPad/SW-EK-TM4C123GXL-2.1.4.178/driverlib/gcc/libdriver.a(uart.o)
 .text.UARTFlowControlSet
                0x0000000000000000        0xc /home/student/eclipse-workspace/Tiva_C_LaunchPad/SW-EK-TM4C123GXL-2.1.4.178/driverlib/gcc/libdriver.a(uart.o)
 .text.UARTFlowControlGet
                0x0000000000000000        0x8 /home/student/eclipse-workspace/Tiva_C_LaunchPad/SW-EK-TM4C123GXL-2.1.4.178/driverlib/gcc/libdriver.a(uart.o)
 .text.UARTTxIntModeSet
                0x0000000000000000        0xc /home/student/eclipse-workspace/Tiva_C_LaunchPad/SW-EK-TM4C123GXL-2.1.4.178/driverlib/gcc/libdriver.a(uart.o)
 .text.UARTTxIntModeGet
                0x0000000000000000        0x8 /home/student/eclipse-workspace/Tiva_C_LaunchPad/SW-EK-TM4C123GXL-2.1.4.178/driverlib/gcc/libdriver.a(uart.o)
 .text.UARTCharsAvail
                0x0000000000000000        0xc /home/student/eclipse-workspace/Tiva_C_LaunchPad/SW-EK-TM4C123GXL-2.1.4.178/driverlib/gcc/libdriver.a(uart.o)
 .text.UARTSpaceAvail
                0x0000000000000000        0xc /home/student/eclipse-workspace/Tiva_C_LaunchPad/SW-EK-TM4C123GXL-2.1.4.178/driverlib/gcc/libdriver.a(uart.o)
 .text.UARTCharGetNonBlocking
                0x0000000000000000        0xe /home/student/eclipse-workspace/Tiva_C_LaunchPad/SW-EK-TM4C123GXL-2.1.4.178/driverlib/gcc/libdriver.a(uart.o)
 .text.UARTCharGet
                0x0000000000000000        0xa /home/student/eclipse-workspace/Tiva_C_LaunchPad/SW-EK-TM4C123GXL-2.1.4.178/driverlib/gcc/libdriver.a(uart.o)
 .text.UARTCharPutNonBlocking
                0x0000000000000000       0x10 /home/student/eclipse-workspace/Tiva_C_LaunchPad/SW-EK-TM4C123GXL-2.1.4.178/driverlib/gcc/libdriver.a(uart.o)
 .text.UARTBreakCtl
                0x0000000000000000       0x16 /home/student/eclipse-workspace/Tiva_C_LaunchPad/SW-EK-TM4C123GXL-2.1.4.178/driverlib/gcc/libdriver.a(uart.o)
 .text.UARTBusy
                0x0000000000000000        0x8 /home/student/eclipse-workspace/Tiva_C_LaunchPad/SW-EK-TM4C123GXL-2.1.4.178/driverlib/gcc/libdriver.a(uart.o)
 .text.UARTIntRegister
                0x0000000000000000       0x1a /home/student/eclipse-workspace/Tiva_C_LaunchPad/SW-EK-TM4C123GXL-2.1.4.178/driverlib/gcc/libdriver.a(uart.o)
 .text.UARTIntUnregister
                0x0000000000000000       0x16 /home/student/eclipse-workspace/Tiva_C_LaunchPad/SW-EK-TM4C123GXL-2.1.4.178/driverlib/gcc/libdriver.a(uart.o)
 .text.UARTIntEnable
                0x0000000000000000        0x8 /home/student/eclipse-workspace/Tiva_C_LaunchPad/SW-EK-TM4C123GXL-2.1.4.178/driverlib/gcc/libdriver.a(uart.o)
 .text.UARTIntDisable
                0x0000000000000000        0xa /home/student/eclipse-workspace/Tiva_C_LaunchPad/SW-EK-TM4C123GXL-2.1.4.178/driverlib/gcc/libdriver.a(uart.o)
 .text.UARTIntStatus
                0x0000000000000000        0xa /home/student/eclipse-workspace/Tiva_C_LaunchPad/SW-EK-TM4C123GXL-2.1.4.178/driverlib/gcc/libdriver.a(uart.o)
 .text.UARTIntClear
                0x0000000000000000        0x4 /home/student/eclipse-workspace/Tiva_C_LaunchPad/SW-EK-TM4C123GXL-2.1.4.178/driverlib/gcc/libdriver.a(uart.o)
 .text.UARTDMAEnable
                0x0000000000000000        0x8 /home/student/eclipse-workspace/Tiva_C_LaunchPad/SW-EK-TM4C123GXL-2.1.4.178/driverlib/gcc/libdriver.a(uart.o)
 .text.UARTDMADisable
                0x0000000000000000        0xa /home/student/eclipse-workspace/Tiva_C_LaunchPad/SW-EK-TM4C123GXL-2.1.4.178/driverlib/gcc/libdriver.a(uart.o)
 .text.UARTRxErrorGet
                0x0000000000000000        0x8 /home/student/eclipse-workspace/Tiva_C_LaunchPad/SW-EK-TM4C123GXL-2.1.4.178/driverlib/gcc/libdriver.a(uart.o)
 .text.UARTRxErrorClear
                0x0000000000000000        0x6 /home/student/eclipse-workspace/Tiva_C_LaunchPad/SW-EK-TM4C123GXL-2.1.4.178/driverlib/gcc/libdriver.a(uart.o)
 .text.UARTClockSourceSet
                0x0000000000000000        0x6 /home/student/eclipse-workspace/Tiva_C_LaunchPad/SW-EK-TM4C123GXL-2.1.4.178/driverlib/gcc/libdriver.a(uart.o)
 .text.UARTClockSourceGet
                0x0000000000000000        0x6 /home/student/eclipse-workspace/Tiva_C_LaunchPad/SW-EK-TM4C123GXL-2.1.4.178/driverlib/gcc/libdriver.a(uart.o)
 .text.UART9BitEnable
                0x0000000000000000        0xe /home/student/eclipse-workspace/Tiva_C_LaunchPad/SW-EK-TM4C123GXL-2.1.4.178/driverlib/gcc/libdriver.a(uart.o)
 .text.UART9BitDisable
                0x0000000000000000        0xe /home/student/eclipse-workspace/Tiva_C_LaunchPad/SW-EK-TM4C123GXL-2.1.4.178/driverlib/gcc/libdriver.a(uart.o)
 .text.UART9BitAddrSet
                0x0000000000000000        0xa /home/student/eclipse-workspace/Tiva_C_LaunchPad/SW-EK-TM4C123GXL-2.1.4.178/driverlib/gcc/libdriver.a(uart.o)
 .text.UART9BitAddrSend
                0x0000000000000000       0x2c /home/student/eclipse-workspace/Tiva_C_LaunchPad/SW-EK-TM4C123GXL-2.1.4.178/driverlib/gcc/libdriver.a(uart.o)
 .text.UARTLoopbackEnable
                0x0000000000000000        0xa /home/student/eclipse-workspace/Tiva_C_LaunchPad/SW-EK-TM4C123GXL-2.1.4.178/driverlib/gcc/libdriver.a(uart.o)
 .rodata.g_ppui32UARTIntMap
                0x0000000000000000       0x40 /home/student/eclipse-workspace/Tiva_C_LaunchPad/SW-EK-TM4C123GXL-2.1.4.178/driverlib/gcc/libdriver.a(uart.o)
 .rodata.g_ppui32UARTIntMapSnowflake
                0x0000000000000000       0x40 /home/student/eclipse-workspace/Tiva_C_LaunchPad/SW-EK-TM4C123GXL-2.1.4.178/driverlib/gcc/libdriver.a(uart.o)
 .text          0x0000000000000000        0x0 /home/student/eclipse-workspace/Tiva_C_LaunchPad/SW-EK-TM4C123GXL-2.1.4.178/driverlib/gcc/libdriver.a(cpu.o)
 .data          0x0000000000000000        0x0 /home/student/eclipse-workspace/Tiva_C_LaunchPad/SW-EK-TM4C123GXL-2.1.4.178/driverlib/gcc/libdriver.a(cpu.o)
 .bss           0x0000000000000000        0x0 /home/student/eclipse-workspace/Tiva_C_LaunchPad/SW-EK-TM4C123GXL-2.1.4.178/driverlib/gcc/libdriver.a(cpu.o)
 .text.CPUcpsid
                0x0000000000000000        0x8 /home/student/eclipse-workspace/Tiva_C_LaunchPad/SW-EK-TM4C123GXL-2.1.4.178/driverlib/gcc/libdriver.a(cpu.o)
 .text.CPUprimask
                0x0000000000000000        0x6 /home/student/eclipse-workspace/Tiva_C_LaunchPad/SW-EK-TM4C123GXL-2.1.4.178/driverlib/gcc/libdriver.a(cpu.o)
 .text.CPUcpsie
                0x0000000000000000        0x8 /home/student/eclipse-workspace/Tiva_C_LaunchPad/SW-EK-TM4C123GXL-2.1.4.178/driverlib/gcc/libdriver.a(cpu.o)
 .text.CPUwfi   0x0000000000000000        0x4 /home/student/eclipse-workspace/Tiva_C_LaunchPad/SW-EK-TM4C123GXL-2.1.4.178/driverlib/gcc/libdriver.a(cpu.o)
 .text.CPUbasepriSet
                0x0000000000000000        0x6 /home/student/eclipse-workspace/Tiva_C_LaunchPad/SW-EK-TM4C123GXL-2.1.4.178/driverlib/gcc/libdriver.a(cpu.o)
 .text.CPUbasepriGet
                0x0000000000000000        0x6 /home/student/eclipse-workspace/Tiva_C_LaunchPad/SW-EK-TM4C123GXL-2.1.4.178/driverlib/gcc/libdriver.a(cpu.o)
 .comment       0x0000000000000000       0x71 /home/student/eclipse-workspace/Tiva_C_LaunchPad/SW-EK-TM4C123GXL-2.1.4.178/driverlib/gcc/libdriver.a(cpu.o)
 .ARM.attributes
                0x0000000000000000       0x3b /home/student/eclipse-workspace/Tiva_C_LaunchPad/SW-EK-TM4C123GXL-2.1.4.178/driverlib/gcc/libdriver.a(cpu.o)
 .text          0x0000000000000000        0xc /usr/lib/gcc/arm-none-eabi/5.4.1/../../../arm-none-eabi/lib/armv7e-m/fpu/libg.a(lib_a-atexit.o)
 .data          0x0000000000000000        0x0 /usr/lib/gcc/arm-none-eabi/5.4.1/../../../arm-none-eabi/lib/armv7e-m/fpu/libg.a(lib_a-atexit.o)
 .bss           0x0000000000000000        0x0 /usr/lib/gcc/arm-none-eabi/5.4.1/../../../arm-none-eabi/lib/armv7e-m/fpu/libg.a(lib_a-atexit.o)
 .debug_info    0x0000000000000000       0xfe /usr/lib/gcc/arm-none-eabi/5.4.1/../../../arm-none-eabi/lib/armv7e-m/fpu/libg.a(lib_a-atexit.o)
 .debug_abbrev  0x0000000000000000       0xaa /usr/lib/gcc/arm-none-eabi/5.4.1/../../../arm-none-eabi/lib/armv7e-m/fpu/libg.a(lib_a-atexit.o)
 .debug_loc     0x0000000000000000       0x2c /usr/lib/gcc/arm-none-eabi/5.4.1/../../../arm-none-eabi/lib/armv7e-m/fpu/libg.a(lib_a-atexit.o)
 .debug_aranges
                0x0000000000000000       0x20 /usr/lib/gcc/arm-none-eabi/5.4.1/../../../arm-none-eabi/lib/armv7e-m/fpu/libg.a(lib_a-atexit.o)
 .debug_line    0x0000000000000000       0xb8 /usr/lib/gcc/arm-none-eabi/5.4.1/../../../arm-none-eabi/lib/armv7e-m/fpu/libg.a(lib_a-atexit.o)
 .debug_str     0x0000000000000000      0x21a /usr/lib/gcc/arm-none-eabi/5.4.1/../../../arm-none-eabi/lib/armv7e-m/fpu/libg.a(lib_a-atexit.o)
 .comment       0x0000000000000000       0x2c /usr/lib/gcc/arm-none-eabi/5.4.1/../../../arm-none-eabi/lib/armv7e-m/fpu/libg.a(lib_a-atexit.o)
 .debug_frame   0x0000000000000000       0x20 /usr/lib/gcc/arm-none-eabi/5.4.1/../../../arm-none-eabi/lib/armv7e-m/fpu/libg.a(lib_a-atexit.o)
 .ARM.attributes
                0x0000000000000000       0x34 /usr/lib/gcc/arm-none-eabi/5.4.1/../../../arm-none-eabi/lib/armv7e-m/fpu/libg.a(lib_a-atexit.o)
 .text          0x0000000000000000       0x20 /usr/lib/gcc/arm-none-eabi/5.4.1/../../../arm-none-eabi/lib/armv7e-m/fpu/libg.a(lib_a-exit.o)
 .data          0x0000000000000000        0x0 /usr/lib/gcc/arm-none-eabi/5.4.1/../../../arm-none-eabi/lib/armv7e-m/fpu/libg.a(lib_a-exit.o)
 .bss           0x0000000000000000        0x0 /usr/lib/gcc/arm-none-eabi/5.4.1/../../../arm-none-eabi/lib/armv7e-m/fpu/libg.a(lib_a-exit.o)
 .debug_info    0x0000000000000000      0x8de /usr/lib/gcc/arm-none-eabi/5.4.1/../../../arm-none-eabi/lib/armv7e-m/fpu/libg.a(lib_a-exit.o)
 .debug_abbrev  0x0000000000000000      0x1d6 /usr/lib/gcc/arm-none-eabi/5.4.1/../../../arm-none-eabi/lib/armv7e-m/fpu/libg.a(lib_a-exit.o)
 .debug_loc     0x0000000000000000       0x1e /usr/lib/gcc/arm-none-eabi/5.4.1/../../../arm-none-eabi/lib/armv7e-m/fpu/libg.a(lib_a-exit.o)
 .debug_aranges
                0x0000000000000000       0x20 /usr/lib/gcc/arm-none-eabi/5.4.1/../../../arm-none-eabi/lib/armv7e-m/fpu/libg.a(lib_a-exit.o)
 .debug_line    0x0000000000000000      0x162 /usr/lib/gcc/arm-none-eabi/5.4.1/../../../arm-none-eabi/lib/armv7e-m/fpu/libg.a(lib_a-exit.o)
 .debug_str     0x0000000000000000      0x5b7 /usr/lib/gcc/arm-none-eabi/5.4.1/../../../arm-none-eabi/lib/armv7e-m/fpu/libg.a(lib_a-exit.o)
 .comment       0x0000000000000000       0x2c /usr/lib/gcc/arm-none-eabi/5.4.1/../../../arm-none-eabi/lib/armv7e-m/fpu/libg.a(lib_a-exit.o)
 .debug_frame   0x0000000000000000       0x28 /usr/lib/gcc/arm-none-eabi/5.4.1/../../../arm-none-eabi/lib/armv7e-m/fpu/libg.a(lib_a-exit.o)
 .ARM.attributes
                0x0000000000000000       0x34 /usr/lib/gcc/arm-none-eabi/5.4.1/../../../arm-none-eabi/lib/armv7e-m/fpu/libg.a(lib_a-exit.o)
 .text          0x0000000000000000       0x28 /usr/lib/gcc/arm-none-eabi/5.4.1/../../../arm-none-eabi/lib/armv7e-m/fpu/libg.a(lib_a-fini.o)
 .data          0x0000000000000000        0x0 /usr/lib/gcc/arm-none-eabi/5.4.1/../../../arm-none-eabi/lib/armv7e-m/fpu/libg.a(lib_a-fini.o)
 .bss           0x0000000000000000        0x0 /usr/lib/gcc/arm-none-eabi/5.4.1/../../../arm-none-eabi/lib/armv7e-m/fpu/libg.a(lib_a-fini.o)
 .debug_info    0x0000000000000000       0xfa /usr/lib/gcc/arm-none-eabi/5.4.1/../../../arm-none-eabi/lib/armv7e-m/fpu/libg.a(lib_a-fini.o)
 .debug_abbrev  0x0000000000000000       0xbd /usr/lib/gcc/arm-none-eabi/5.4.1/../../../arm-none-eabi/lib/armv7e-m/fpu/libg.a(lib_a-fini.o)
 .debug_loc     0x0000000000000000       0x5c /usr/lib/gcc/arm-none-eabi/5.4.1/../../../arm-none-eabi/lib/armv7e-m/fpu/libg.a(lib_a-fini.o)
 .debug_aranges
                0x0000000000000000       0x20 /usr/lib/gcc/arm-none-eabi/5.4.1/../../../arm-none-eabi/lib/armv7e-m/fpu/libg.a(lib_a-fini.o)
 .debug_line    0x0000000000000000       0x9f /usr/lib/gcc/arm-none-eabi/5.4.1/../../../arm-none-eabi/lib/armv7e-m/fpu/libg.a(lib_a-fini.o)
 .debug_str     0x0000000000000000      0x212 /usr/lib/gcc/arm-none-eabi/5.4.1/../../../arm-none-eabi/lib/armv7e-m/fpu/libg.a(lib_a-fini.o)
 .comment       0x0000000000000000       0x2c /usr/lib/gcc/arm-none-eabi/5.4.1/../../../arm-none-eabi/lib/armv7e-m/fpu/libg.a(lib_a-fini.o)
 .debug_frame   0x0000000000000000       0x34 /usr/lib/gcc/arm-none-eabi/5.4.1/../../../arm-none-eabi/lib/armv7e-m/fpu/libg.a(lib_a-fini.o)
 .ARM.attributes
                0x0000000000000000       0x34 /usr/lib/gcc/arm-none-eabi/5.4.1/../../../arm-none-eabi/lib/armv7e-m/fpu/libg.a(lib_a-fini.o)
 .text          0x0000000000000000        0x0 /usr/lib/gcc/arm-none-eabi/5.4.1/../../../arm-none-eabi/lib/armv7e-m/fpu/libg.a(lib_a-impure.o)
 .bss           0x0000000000000000        0x0 /usr/lib/gcc/arm-none-eabi/5.4.1/../../../arm-none-eabi/lib/armv7e-m/fpu/libg.a(lib_a-impure.o)
 .rodata        0x0000000000000000        0x4 /usr/lib/gcc/arm-none-eabi/5.4.1/../../../arm-none-eabi/lib/armv7e-m/fpu/libg.a(lib_a-impure.o)
 .text          0x0000000000000000       0x50 /usr/lib/gcc/arm-none-eabi/5.4.1/../../../arm-none-eabi/lib/armv7e-m/fpu/libg.a(lib_a-init.o)
 .data          0x0000000000000000        0x0 /usr/lib/gcc/arm-none-eabi/5.4.1/../../../arm-none-eabi/lib/armv7e-m/fpu/libg.a(lib_a-init.o)
 .bss           0x0000000000000000        0x0 /usr/lib/gcc/arm-none-eabi/5.4.1/../../../arm-none-eabi/lib/armv7e-m/fpu/libg.a(lib_a-init.o)
 .debug_info    0x0000000000000000      0x110 /usr/lib/gcc/arm-none-eabi/5.4.1/../../../arm-none-eabi/lib/armv7e-m/fpu/libg.a(lib_a-init.o)
 .debug_abbrev  0x0000000000000000       0xba /usr/lib/gcc/arm-none-eabi/5.4.1/../../../arm-none-eabi/lib/armv7e-m/fpu/libg.a(lib_a-init.o)
 .debug_loc     0x0000000000000000       0xae /usr/lib/gcc/arm-none-eabi/5.4.1/../../../arm-none-eabi/lib/armv7e-m/fpu/libg.a(lib_a-init.o)
 .debug_aranges
                0x0000000000000000       0x20 /usr/lib/gcc/arm-none-eabi/5.4.1/../../../arm-none-eabi/lib/armv7e-m/fpu/libg.a(lib_a-init.o)
 .debug_line    0x0000000000000000       0xb8 /usr/lib/gcc/arm-none-eabi/5.4.1/../../../arm-none-eabi/lib/armv7e-m/fpu/libg.a(lib_a-init.o)
 .debug_str     0x0000000000000000      0x23c /usr/lib/gcc/arm-none-eabi/5.4.1/../../../arm-none-eabi/lib/armv7e-m/fpu/libg.a(lib_a-init.o)
 .comment       0x0000000000000000       0x2c /usr/lib/gcc/arm-none-eabi/5.4.1/../../../arm-none-eabi/lib/armv7e-m/fpu/libg.a(lib_a-init.o)
 .debug_frame   0x0000000000000000       0x2c /usr/lib/gcc/arm-none-eabi/5.4.1/../../../arm-none-eabi/lib/armv7e-m/fpu/libg.a(lib_a-init.o)
 .ARM.attributes
                0x0000000000000000       0x34 /usr/lib/gcc/arm-none-eabi/5.4.1/../../../arm-none-eabi/lib/armv7e-m/fpu/libg.a(lib_a-init.o)
 .data          0x0000000000000000        0x0 /usr/lib/gcc/arm-none-eabi/5.4.1/../../../arm-none-eabi/lib/armv7e-m/fpu/libg.a(lib_a-memcpy.o)
 .bss           0x0000000000000000        0x0 /usr/lib/gcc/arm-none-eabi/5.4.1/../../../arm-none-eabi/lib/armv7e-m/fpu/libg.a(lib_a-memcpy.o)
 .text          0x0000000000000000       0x9c /usr/lib/gcc/arm-none-eabi/5.4.1/../../../arm-none-eabi/lib/armv7e-m/fpu/libg.a(lib_a-memset.o)
 .data          0x0000000000000000        0x0 /usr/lib/gcc/arm-none-eabi/5.4.1/../../../arm-none-eabi/lib/armv7e-m/fpu/libg.a(lib_a-memset.o)
 .bss           0x0000000000000000        0x0 /usr/lib/gcc/arm-none-eabi/5.4.1/../../../arm-none-eabi/lib/armv7e-m/fpu/libg.a(lib_a-memset.o)
 .debug_info    0x0000000000000000      0x11e /usr/lib/gcc/arm-none-eabi/5.4.1/../../../arm-none-eabi/lib/armv7e-m/fpu/libg.a(lib_a-memset.o)
 .debug_abbrev  0x0000000000000000       0x9f /usr/lib/gcc/arm-none-eabi/5.4.1/../../../arm-none-eabi/lib/armv7e-m/fpu/libg.a(lib_a-memset.o)
 .debug_loc     0x0000000000000000      0x1ae /usr/lib/gcc/arm-none-eabi/5.4.1/../../../arm-none-eabi/lib/armv7e-m/fpu/libg.a(lib_a-memset.o)
 .debug_aranges
                0x0000000000000000       0x20 /usr/lib/gcc/arm-none-eabi/5.4.1/../../../arm-none-eabi/lib/armv7e-m/fpu/libg.a(lib_a-memset.o)
 .debug_line    0x0000000000000000      0x111 /usr/lib/gcc/arm-none-eabi/5.4.1/../../../arm-none-eabi/lib/armv7e-m/fpu/libg.a(lib_a-memset.o)
 .debug_str     0x0000000000000000      0x1f1 /usr/lib/gcc/arm-none-eabi/5.4.1/../../../arm-none-eabi/lib/armv7e-m/fpu/libg.a(lib_a-memset.o)
 .comment       0x0000000000000000       0x2c /usr/lib/gcc/arm-none-eabi/5.4.1/../../../arm-none-eabi/lib/armv7e-m/fpu/libg.a(lib_a-memset.o)
 .debug_frame   0x0000000000000000       0x34 /usr/lib/gcc/arm-none-eabi/5.4.1/../../../arm-none-eabi/lib/armv7e-m/fpu/libg.a(lib_a-memset.o)
 .ARM.attributes
                0x0000000000000000       0x34 /usr/lib/gcc/arm-none-eabi/5.4.1/../../../arm-none-eabi/lib/armv7e-m/fpu/libg.a(lib_a-memset.o)
 .data          0x0000000000000000        0x0 /usr/lib/gcc/arm-none-eabi/5.4.1/../../../arm-none-eabi/lib/armv7e-m/fpu/libg.a(lib_a-rand.o)
 .bss           0x0000000000000000        0x0 /usr/lib/gcc/arm-none-eabi/5.4.1/../../../arm-none-eabi/lib/armv7e-m/fpu/libg.a(lib_a-rand.o)
 .data          0x0000000000000000        0x0 /usr/lib/gcc/arm-none-eabi/5.4.1/../../../arm-none-eabi/lib/armv7e-m/fpu/libg.a(lib_a-strlen.o)
 .bss           0x0000000000000000        0x0 /usr/lib/gcc/arm-none-eabi/5.4.1/../../../arm-none-eabi/lib/armv7e-m/fpu/libg.a(lib_a-strlen.o)
 .text          0x0000000000000000       0xa4 /usr/lib/gcc/arm-none-eabi/5.4.1/../../../arm-none-eabi/lib/armv7e-m/fpu/libg.a(lib_a-__atexit.o)
 .data          0x0000000000000000        0x0 /usr/lib/gcc/arm-none-eabi/5.4.1/../../../arm-none-eabi/lib/armv7e-m/fpu/libg.a(lib_a-__atexit.o)
 .bss           0x0000000000000000        0x0 /usr/lib/gcc/arm-none-eabi/5.4.1/../../../arm-none-eabi/lib/armv7e-m/fpu/libg.a(lib_a-__atexit.o)
 .debug_info    0x0000000000000000      0x92e /usr/lib/gcc/arm-none-eabi/5.4.1/../../../arm-none-eabi/lib/armv7e-m/fpu/libg.a(lib_a-__atexit.o)
 .debug_abbrev  0x0000000000000000      0x20f /usr/lib/gcc/arm-none-eabi/5.4.1/../../../arm-none-eabi/lib/armv7e-m/fpu/libg.a(lib_a-__atexit.o)
 .debug_loc     0x0000000000000000      0x197 /usr/lib/gcc/arm-none-eabi/5.4.1/../../../arm-none-eabi/lib/armv7e-m/fpu/libg.a(lib_a-__atexit.o)
 .debug_aranges
                0x0000000000000000       0x20 /usr/lib/gcc/arm-none-eabi/5.4.1/../../../arm-none-eabi/lib/armv7e-m/fpu/libg.a(lib_a-__atexit.o)
 .debug_line    0x0000000000000000      0x184 /usr/lib/gcc/arm-none-eabi/5.4.1/../../../arm-none-eabi/lib/armv7e-m/fpu/libg.a(lib_a-__atexit.o)
 .debug_str     0x0000000000000000      0x5ef /usr/lib/gcc/arm-none-eabi/5.4.1/../../../arm-none-eabi/lib/armv7e-m/fpu/libg.a(lib_a-__atexit.o)
 .comment       0x0000000000000000       0x2c /usr/lib/gcc/arm-none-eabi/5.4.1/../../../arm-none-eabi/lib/armv7e-m/fpu/libg.a(lib_a-__atexit.o)
 .debug_frame   0x0000000000000000       0x34 /usr/lib/gcc/arm-none-eabi/5.4.1/../../../arm-none-eabi/lib/armv7e-m/fpu/libg.a(lib_a-__atexit.o)
 .ARM.attributes
                0x0000000000000000       0x34 /usr/lib/gcc/arm-none-eabi/5.4.1/../../../arm-none-eabi/lib/armv7e-m/fpu/libg.a(lib_a-__atexit.o)
 .text          0x0000000000000000       0xd8 /usr/lib/gcc/arm-none-eabi/5.4.1/../../../arm-none-eabi/lib/armv7e-m/fpu/libg.a(lib_a-__call_atexit.o)
 .data          0x0000000000000000        0x0 /usr/lib/gcc/arm-none-eabi/5.4.1/../../../arm-none-eabi/lib/armv7e-m/fpu/libg.a(lib_a-__call_atexit.o)
 .bss           0x0000000000000000        0x0 /usr/lib/gcc/arm-none-eabi/5.4.1/../../../arm-none-eabi/lib/armv7e-m/fpu/libg.a(lib_a-__call_atexit.o)
 .text.startup  0x0000000000000000       0x14 /usr/lib/gcc/arm-none-eabi/5.4.1/../../../arm-none-eabi/lib/armv7e-m/fpu/libg.a(lib_a-__call_atexit.o)
 .init_array.00000
                0x0000000000000000        0x4 /usr/lib/gcc/arm-none-eabi/5.4.1/../../../arm-none-eabi/lib/armv7e-m/fpu/libg.a(lib_a-__call_atexit.o)
 .debug_info    0x0000000000000000      0x9a5 /usr/lib/gcc/arm-none-eabi/5.4.1/../../../arm-none-eabi/lib/armv7e-m/fpu/libg.a(lib_a-__call_atexit.o)
 .debug_abbrev  0x0000000000000000      0x270 /usr/lib/gcc/arm-none-eabi/5.4.1/../../../arm-none-eabi/lib/armv7e-m/fpu/libg.a(lib_a-__call_atexit.o)
 .debug_loc     0x0000000000000000      0x17b /usr/lib/gcc/arm-none-eabi/5.4.1/../../../arm-none-eabi/lib/armv7e-m/fpu/libg.a(lib_a-__call_atexit.o)
 .debug_aranges
                0x0000000000000000       0x28 /usr/lib/gcc/arm-none-eabi/5.4.1/../../../arm-none-eabi/lib/armv7e-m/fpu/libg.a(lib_a-__call_atexit.o)
 .debug_ranges  0x0000000000000000       0x38 /usr/lib/gcc/arm-none-eabi/5.4.1/../../../arm-none-eabi/lib/armv7e-m/fpu/libg.a(lib_a-__call_atexit.o)
 .debug_line    0x0000000000000000      0x1b0 /usr/lib/gcc/arm-none-eabi/5.4.1/../../../arm-none-eabi/lib/armv7e-m/fpu/libg.a(lib_a-__call_atexit.o)
 .debug_str     0x0000000000000000      0x60e /usr/lib/gcc/arm-none-eabi/5.4.1/../../../arm-none-eabi/lib/armv7e-m/fpu/libg.a(lib_a-__call_atexit.o)
 .comment       0x0000000000000000       0x2c /usr/lib/gcc/arm-none-eabi/5.4.1/../../../arm-none-eabi/lib/armv7e-m/fpu/libg.a(lib_a-__call_atexit.o)
 .debug_frame   0x0000000000000000       0x50 /usr/lib/gcc/arm-none-eabi/5.4.1/../../../arm-none-eabi/lib/armv7e-m/fpu/libg.a(lib_a-__call_atexit.o)
 .ARM.attributes
                0x0000000000000000       0x34 /usr/lib/gcc/arm-none-eabi/5.4.1/../../../arm-none-eabi/lib/armv7e-m/fpu/libg.a(lib_a-__call_atexit.o)
 .text          0x0000000000000000        0x0 /usr/lib/gcc/arm-none-eabi/5.4.1/armv7e-m/fpu/crtend.o
 .data          0x0000000000000000        0x0 /usr/lib/gcc/arm-none-eabi/5.4.1/armv7e-m/fpu/crtend.o
 .bss           0x0000000000000000        0x0 /usr/lib/gcc/arm-none-eabi/5.4.1/armv7e-m/fpu/crtend.o
 .eh_frame      0x0000000000000000        0x4 /usr/lib/gcc/arm-none-eabi/5.4.1/armv7e-m/fpu/crtend.o
 .jcr           0x0000000000000000        0x4 /usr/lib/gcc/arm-none-eabi/5.4.1/armv7e-m/fpu/crtend.o
 .tm_clone_table
                0x0000000000000000        0x0 /usr/lib/gcc/arm-none-eabi/5.4.1/armv7e-m/fpu/crtend.o
 .comment       0x0000000000000000       0x2c /usr/lib/gcc/arm-none-eabi/5.4.1/armv7e-m/fpu/crtend.o
 .ARM.attributes
                0x0000000000000000       0x34 /usr/lib/gcc/arm-none-eabi/5.4.1/armv7e-m/fpu/crtend.o
 .text          0x0000000000000000        0x0 /usr/lib/gcc/arm-none-eabi/5.4.1/armv7e-m/fpu/crtn.o
 .data          0x0000000000000000        0x0 /usr/lib/gcc/arm-none-eabi/5.4.1/armv7e-m/fpu/crtn.o
 .bss           0x0000000000000000        0x0 /usr/lib/gcc/arm-none-eabi/5.4.1/armv7e-m/fpu/crtn.o

Memory Configuration

Name             Origin             Length             Attributes
FLASH            0x0000000000000000 0x0000000000040000 xr
SRAM             0x0000000020000000 0x0000000000008000 xrw
*default*        0x0000000000000000 0xffffffffffffffff

Linker script and memory map

LOAD /usr/lib/gcc/arm-none-eabi/5.4.1/armv7e-m/fpu/crti.o
LOAD /usr/lib/gcc/arm-none-eabi/5.4.1/armv7e-m/fpu/crtbegin.o
LOAD /usr/lib/gcc/arm-none-eabi/5.4.1/../../../arm-none-eabi/lib/armv7e-m/fpu/crt0.o
LOAD ./src/main.o
LOAD ./src/startup_gcc.o
LOAD ./SW-EK-TM4C123GXL-2.1.4.178/utils/uartstdio.o
LOAD /home/student/eclipse-workspace/Tiva_C_LaunchPad/SW-EK-TM4C123GXL-2.1.4.178/driverlib/gcc/libdriver.a
START GROUP
LOAD /usr/lib/gcc/arm-none-eabi/5.4.1/armv7e-m/fpu/libgcc.a
LOAD /usr/lib/gcc/arm-none-eabi/5.4.1/../../../arm-none-eabi/lib/armv7e-m/fpu/libg.a
LOAD /usr/lib/gcc/arm-none-eabi/5.4.1/../../../arm-none-eabi/lib/armv7e-m/fpu/libc.a
END GROUP
LOAD /usr/lib/gcc/arm-none-eabi/5.4.1/armv7e-m/fpu/crtend.o
LOAD /usr/lib/gcc/arm-none-eabi/5.4.1/armv7e-m/fpu/crtn.o

.text           0x0000000000000000     0x3950
                0x0000000000000000                _text = .
 *(.isr_vector)
 .isr_vector    0x0000000000000000      0x26c ./src/startup_gcc.o
                0x0000000000000000                g_pfnVectors
 *(.text*)
 .text.main     0x000000000000026c     0x2084 ./src/main.o
                0x000000000000026c                main
 .text.init_port_E
                0x00000000000022f0       0x44 ./src/main.o
                0x00000000000022f0                init_port_E
 .text.init_port_F
                0x0000000000002334       0x44 ./src/main.o
                0x0000000000002334                init_port_F
 .text.init_port_D
                0x0000000000002378       0x48 ./src/main.o
                0x0000000000002378                init_port_D
 .text.temizle  0x00000000000023c0       0x1c ./src/main.o
                0x00000000000023c0                temizle
 .text.temizle2
                0x00000000000023dc       0x1c ./src/main.o
                0x00000000000023dc                temizle2
 .text.Yazibas  0x00000000000023f8       0x30 ./src/main.o
                0x00000000000023f8                Yazibas
 .text.satirdegis
                0x0000000000002428       0x6c ./src/main.o
                0x0000000000002428                satirdegis
 .text.LCD_Init
                0x0000000000002494       0x50 ./src/main.o
                0x0000000000002494                LCD_Init
 .text.LCD_yaz  0x00000000000024e4       0x58 ./src/main.o
                0x00000000000024e4                LCD_yaz
 .text.LCD_Cmp  0x000000000000253c       0x44 ./src/main.o
                0x000000000000253c                LCD_Cmp
 .text.LCD_K_Yaz
                0x0000000000002580       0x38 ./src/main.o
                0x0000000000002580                LCD_K_Yaz
 .text.delayUzun
                0x00000000000025b8       0x40 ./src/main.o
                0x00000000000025b8                delayUzun
 .text.delayKisa
                0x00000000000025f8       0x3c ./src/main.o
                0x00000000000025f8                delayKisa
 .text.integerbas
                0x0000000000002634      0x1b0 ./src/main.o
                0x0000000000002634                integerbas
 .text.integerbas2
                0x00000000000027e4      0x140 ./src/main.o
                0x00000000000027e4                integerbas2
 .text.basayir  0x0000000000002924      0x110 ./src/main.o
                0x0000000000002924                basayir
 .text.init_UARTstdio
                0x0000000000002a34       0x50 ./src/main.o
                0x0000000000002a34                init_UARTstdio
 .text.ResetISR
                0x0000000000002a84       0x6c ./src/startup_gcc.o
                0x0000000000002a84                ResetISR
 .text.NmiSR    0x0000000000002af0        0x8 ./src/startup_gcc.o
 .text.FaultISR
                0x0000000000002af8        0x8 ./src/startup_gcc.o
 .text.IntDefaultHandler
                0x0000000000002b00        0x8 ./src/startup_gcc.o
 .text.UARTStdioConfig
                0x0000000000002b08       0x70 ./SW-EK-TM4C123GXL-2.1.4.178/utils/uartstdio.o
                0x0000000000002b08                UARTStdioConfig
 .text.UARTwrite
                0x0000000000002b78       0x5c ./SW-EK-TM4C123GXL-2.1.4.178/utils/uartstdio.o
                0x0000000000002b78                UARTwrite
 .text.UARTvprintf
                0x0000000000002bd4      0x400 ./SW-EK-TM4C123GXL-2.1.4.178/utils/uartstdio.o
                0x0000000000002bd4                UARTvprintf
 .text.UARTprintf
                0x0000000000002fd4       0x24 ./SW-EK-TM4C123GXL-2.1.4.178/utils/uartstdio.o
                0x0000000000002fd4                UARTprintf
 .text.GPIODirModeSet
                0x0000000000002ff8       0x2e /home/student/eclipse-workspace/Tiva_C_LaunchPad/SW-EK-TM4C123GXL-2.1.4.178/driverlib/gcc/libdriver.a(gpio.o)
                0x0000000000002ff8                GPIODirModeSet
 .text.GPIOPadConfigSet
                0x0000000000003026      0x130 /home/student/eclipse-workspace/Tiva_C_LaunchPad/SW-EK-TM4C123GXL-2.1.4.178/driverlib/gcc/libdriver.a(gpio.o)
                0x0000000000003026                GPIOPadConfigSet
 .text.GPIOPinTypeUART
                0x0000000000003156       0x1c /home/student/eclipse-workspace/Tiva_C_LaunchPad/SW-EK-TM4C123GXL-2.1.4.178/driverlib/gcc/libdriver.a(gpio.o)
                0x0000000000003156                GPIOPinTypeUART
 *fill*         0x0000000000003172        0x2 
 .text.GPIOPinConfigure
                0x0000000000003174       0x4c /home/student/eclipse-workspace/Tiva_C_LaunchPad/SW-EK-TM4C123GXL-2.1.4.178/driverlib/gcc/libdriver.a(gpio.o)
                0x0000000000003174                GPIOPinConfigure
 .text.SysCtlPeripheralPresent
                0x00000000000031c0       0x26 /home/student/eclipse-workspace/Tiva_C_LaunchPad/SW-EK-TM4C123GXL-2.1.4.178/driverlib/gcc/libdriver.a(sysctl.o)
                0x00000000000031c0                SysCtlPeripheralPresent
 .text.SysCtlPeripheralEnable
                0x00000000000031e6       0x22 /home/student/eclipse-workspace/Tiva_C_LaunchPad/SW-EK-TM4C123GXL-2.1.4.178/driverlib/gcc/libdriver.a(sysctl.o)
                0x00000000000031e6                SysCtlPeripheralEnable
 .text.SysCtlClockGet
                0x0000000000003208      0x12c /home/student/eclipse-workspace/Tiva_C_LaunchPad/SW-EK-TM4C123GXL-2.1.4.178/driverlib/gcc/libdriver.a(sysctl.o)
                0x0000000000003208                SysCtlClockGet
 .text.UARTEnable
                0x0000000000003334       0x16 /home/student/eclipse-workspace/Tiva_C_LaunchPad/SW-EK-TM4C123GXL-2.1.4.178/driverlib/gcc/libdriver.a(uart.o)
                0x0000000000003334                UARTEnable
 .text.UARTDisable
                0x000000000000334a       0x1c /home/student/eclipse-workspace/Tiva_C_LaunchPad/SW-EK-TM4C123GXL-2.1.4.178/driverlib/gcc/libdriver.a(uart.o)
                0x000000000000334a                UARTDisable
 .text.UARTConfigSetExpClk
                0x0000000000003366       0x48 /home/student/eclipse-workspace/Tiva_C_LaunchPad/SW-EK-TM4C123GXL-2.1.4.178/driverlib/gcc/libdriver.a(uart.o)
                0x0000000000003366                UARTConfigSetExpClk
 .text.UARTCharPut
                0x00000000000033ae        0xa /home/student/eclipse-workspace/Tiva_C_LaunchPad/SW-EK-TM4C123GXL-2.1.4.178/driverlib/gcc/libdriver.a(uart.o)
                0x00000000000033ae                UARTCharPut
 .text          0x00000000000033b8      0x134 /usr/lib/gcc/arm-none-eabi/5.4.1/../../../arm-none-eabi/lib/armv7e-m/fpu/libg.a(lib_a-memcpy.o)
                0x00000000000033b8                memcpy
 .text          0x00000000000034ec       0x54 /usr/lib/gcc/arm-none-eabi/5.4.1/../../../arm-none-eabi/lib/armv7e-m/fpu/libg.a(lib_a-rand.o)
                0x00000000000034ec                srand
                0x0000000000003500                rand
 .text          0x0000000000003540       0xdc /usr/lib/gcc/arm-none-eabi/5.4.1/../../../arm-none-eabi/lib/armv7e-m/fpu/libg.a(lib_a-strlen.o)
                0x0000000000003540                strlen
 *(.rodata*)
 .rodata        0x000000000000361c      0x1d9 ./src/main.o
 *fill*         0x00000000000037f5        0x3 
 .rodata        0x00000000000037f8       0x26 ./SW-EK-TM4C123GXL-2.1.4.178/utils/uartstdio.o
 *fill*         0x000000000000381e        0x2 
 .rodata.g_ui32UARTBase
                0x0000000000003820        0xc ./SW-EK-TM4C123GXL-2.1.4.178/utils/uartstdio.o
 .rodata.g_ui32UARTPeriph
                0x000000000000382c        0xc ./SW-EK-TM4C123GXL-2.1.4.178/utils/uartstdio.o
 .rodata.g_pui32GPIOBaseAddrs
                0x0000000000003838       0x90 /home/student/eclipse-workspace/Tiva_C_LaunchPad/SW-EK-TM4C123GXL-2.1.4.178/driverlib/gcc/libdriver.a(gpio.o)
 .rodata.g_pui32Xtals
                0x00000000000038c8       0x6c /home/student/eclipse-workspace/Tiva_C_LaunchPad/SW-EK-TM4C123GXL-2.1.4.178/driverlib/gcc/libdriver.a(sysctl.o)
 .rodata.str1.4
                0x0000000000003934        0x4 /usr/lib/gcc/arm-none-eabi/5.4.1/../../../arm-none-eabi/lib/armv7e-m/fpu/libg.a(lib_a-impure.o)
                                          0x2 (size before relaxing)
 *(.init)
 .init          0x0000000000003938        0x4 /usr/lib/gcc/arm-none-eabi/5.4.1/armv7e-m/fpu/crti.o
                0x0000000000003938                _init
 .init          0x000000000000393c        0x8 /usr/lib/gcc/arm-none-eabi/5.4.1/armv7e-m/fpu/crtn.o
 *(.fini)
 .fini          0x0000000000003944        0x4 /usr/lib/gcc/arm-none-eabi/5.4.1/armv7e-m/fpu/crti.o
                0x0000000000003944                _fini
 .fini          0x0000000000003948        0x8 /usr/lib/gcc/arm-none-eabi/5.4.1/armv7e-m/fpu/crtn.o
                0x0000000000003950                _etext = .

.glue_7         0x0000000000003950        0x0
 .glue_7        0x0000000000003950        0x0 linker stubs

.glue_7t        0x0000000000003950        0x0
 .glue_7t       0x0000000000003950        0x0 linker stubs

.vfp11_veneer   0x0000000000003950        0x0
 .vfp11_veneer  0x0000000000003950        0x0 linker stubs

.v4_bx          0x0000000000003950        0x0
 .v4_bx         0x0000000000003950        0x0 linker stubs

.iplt           0x0000000000003950        0x0
 .iplt          0x0000000000003950        0x0 /usr/lib/gcc/arm-none-eabi/5.4.1/armv7e-m/fpu/crtbegin.o

.rel.dyn        0x0000000000003950        0x0
 .rel.iplt      0x0000000000003950        0x0 /usr/lib/gcc/arm-none-eabi/5.4.1/armv7e-m/fpu/crtbegin.o

.data           0x0000000020000000      0x430 load address 0x0000000000003950
                0x0000000020000000                _data = .
                0x0000000000003950                _ldata = LOADADDR (.data)
 *(vtable)
 *(.data*)
 .data          0x0000000020000000      0x430 /usr/lib/gcc/arm-none-eabi/5.4.1/../../../arm-none-eabi/lib/armv7e-m/fpu/libg.a(lib_a-impure.o)
                0x0000000020000000                _impure_ptr
                0x0000000020000430                _edata = .

.igot.plt       0x0000000020000430        0x0 load address 0x0000000000003d80
 .igot.plt      0x0000000020000430        0x0 /usr/lib/gcc/arm-none-eabi/5.4.1/armv7e-m/fpu/crtbegin.o

.bss            0x0000000020000430      0x104 load address 0x0000000000003d80
                0x0000000020000430                _bss = .
 *(.bss*)
 .bss.pui32Stack
                0x0000000020000430      0x100 ./src/startup_gcc.o
 .bss.g_ui32Base
                0x0000000020000530        0x4 ./SW-EK-TM4C123GXL-2.1.4.178/utils/uartstdio.o
 *(COMMON)
                0x0000000020000534                _ebss = .
OUTPUT(Tiva_C_LaunchPad.elf elf32-littlearm)

.ARM.attributes
                0x0000000000000000       0x30
 .ARM.attributes
                0x0000000000000000       0x22 /usr/lib/gcc/arm-none-eabi/5.4.1/armv7e-m/fpu/crti.o
 .ARM.attributes
                0x0000000000000022       0x39 ./src/main.o
 .ARM.attributes
                0x000000000000005b       0x39 ./src/startup_gcc.o
 .ARM.attributes
                0x0000000000000094       0x39 ./SW-EK-TM4C123GXL-2.1.4.178/utils/uartstdio.o
 .ARM.attributes
                0x00000000000000cd       0x3b /home/student/eclipse-workspace/Tiva_C_LaunchPad/SW-EK-TM4C123GXL-2.1.4.178/driverlib/gcc/libdriver.a(gpio.o)
 .ARM.attributes
                0x0000000000000108       0x3b /home/student/eclipse-workspace/Tiva_C_LaunchPad/SW-EK-TM4C123GXL-2.1.4.178/driverlib/gcc/libdriver.a(sysctl.o)
 .ARM.attributes
                0x0000000000000143       0x3b /home/student/eclipse-workspace/Tiva_C_LaunchPad/SW-EK-TM4C123GXL-2.1.4.178/driverlib/gcc/libdriver.a(uart.o)
 .ARM.attributes
                0x000000000000017e       0x34 /usr/lib/gcc/arm-none-eabi/5.4.1/../../../arm-none-eabi/lib/armv7e-m/fpu/libg.a(lib_a-impure.o)
 .ARM.attributes
                0x00000000000001b2       0x20 /usr/lib/gcc/arm-none-eabi/5.4.1/../../../arm-none-eabi/lib/armv7e-m/fpu/libg.a(lib_a-memcpy.o)
 .ARM.attributes
                0x00000000000001d2       0x34 /usr/lib/gcc/arm-none-eabi/5.4.1/../../../arm-none-eabi/lib/armv7e-m/fpu/libg.a(lib_a-rand.o)
 .ARM.attributes
                0x0000000000000206       0x20 /usr/lib/gcc/arm-none-eabi/5.4.1/../../../arm-none-eabi/lib/armv7e-m/fpu/libg.a(lib_a-strlen.o)
 .ARM.attributes
                0x0000000000000226       0x22 /usr/lib/gcc/arm-none-eabi/5.4.1/armv7e-m/fpu/crtn.o

.comment        0x0000000000000000       0x9b
 .comment       0x0000000000000000       0x2b ./src/main.o
                                         0x2c (size before relaxing)
 .comment       0x000000000000002b       0x2c ./src/startup_gcc.o
 .comment       0x000000000000002b       0x2c ./SW-EK-TM4C123GXL-2.1.4.178/utils/uartstdio.o
 .comment       0x000000000000002b       0x70 /home/student/eclipse-workspace/Tiva_C_LaunchPad/SW-EK-TM4C123GXL-2.1.4.178/driverlib/gcc/libdriver.a(gpio.o)
                                         0x71 (size before relaxing)
 .comment       0x000000000000009b       0x71 /home/student/eclipse-workspace/Tiva_C_LaunchPad/SW-EK-TM4C123GXL-2.1.4.178/driverlib/gcc/libdriver.a(sysctl.o)
 .comment       0x000000000000009b       0x71 /home/student/eclipse-workspace/Tiva_C_LaunchPad/SW-EK-TM4C123GXL-2.1.4.178/driverlib/gcc/libdriver.a(uart.o)
 .comment       0x000000000000009b       0x2c /usr/lib/gcc/arm-none-eabi/5.4.1/../../../arm-none-eabi/lib/armv7e-m/fpu/libg.a(lib_a-impure.o)
 .comment       0x000000000000009b       0x2c /usr/lib/gcc/arm-none-eabi/5.4.1/../../../arm-none-eabi/lib/armv7e-m/fpu/libg.a(lib_a-rand.o)

.debug_info     0x0000000000000000     0x1ee8
 .debug_info    0x0000000000000000      0x6eb ./src/main.o
 .debug_info    0x00000000000006eb      0x172 ./src/startup_gcc.o
 .debug_info    0x000000000000085d      0x38f ./SW-EK-TM4C123GXL-2.1.4.178/utils/uartstdio.o
 .debug_info    0x0000000000000bec      0x89b /usr/lib/gcc/arm-none-eabi/5.4.1/../../../arm-none-eabi/lib/armv7e-m/fpu/libg.a(lib_a-impure.o)
 .debug_info    0x0000000000001487       0xca /usr/lib/gcc/arm-none-eabi/5.4.1/../../../arm-none-eabi/lib/armv7e-m/fpu/libg.a(lib_a-memcpy.o)
 .debug_info    0x0000000000001551      0x8ce /usr/lib/gcc/arm-none-eabi/5.4.1/../../../arm-none-eabi/lib/armv7e-m/fpu/libg.a(lib_a-rand.o)
 .debug_info    0x0000000000001e1f       0xc9 /usr/lib/gcc/arm-none-eabi/5.4.1/../../../arm-none-eabi/lib/armv7e-m/fpu/libg.a(lib_a-strlen.o)

.debug_abbrev   0x0000000000000000      0x6ea
 .debug_abbrev  0x0000000000000000      0x189 ./src/main.o
 .debug_abbrev  0x0000000000000189       0xd3 ./src/startup_gcc.o
 .debug_abbrev  0x000000000000025c      0x10e ./SW-EK-TM4C123GXL-2.1.4.178/utils/uartstdio.o
 .debug_abbrev  0x000000000000036a      0x180 /usr/lib/gcc/arm-none-eabi/5.4.1/../../../arm-none-eabi/lib/armv7e-m/fpu/libg.a(lib_a-impure.o)
 .debug_abbrev  0x00000000000004ea       0x14 /usr/lib/gcc/arm-none-eabi/5.4.1/../../../arm-none-eabi/lib/armv7e-m/fpu/libg.a(lib_a-memcpy.o)
 .debug_abbrev  0x00000000000004fe      0x1d8 /usr/lib/gcc/arm-none-eabi/5.4.1/../../../arm-none-eabi/lib/armv7e-m/fpu/libg.a(lib_a-rand.o)
 .debug_abbrev  0x00000000000006d6       0x14 /usr/lib/gcc/arm-none-eabi/5.4.1/../../../arm-none-eabi/lib/armv7e-m/fpu/libg.a(lib_a-strlen.o)

.debug_aranges  0x0000000000000000      0x1a0
 .debug_aranges
                0x0000000000000000       0xa8 ./src/main.o
 .debug_aranges
                0x00000000000000a8       0x38 ./src/startup_gcc.o
 .debug_aranges
                0x00000000000000e0       0x48 ./SW-EK-TM4C123GXL-2.1.4.178/utils/uartstdio.o
 .debug_aranges
                0x0000000000000128       0x18 /usr/lib/gcc/arm-none-eabi/5.4.1/../../../arm-none-eabi/lib/armv7e-m/fpu/libg.a(lib_a-impure.o)
 .debug_aranges
                0x0000000000000140       0x20 /usr/lib/gcc/arm-none-eabi/5.4.1/../../../arm-none-eabi/lib/armv7e-m/fpu/libg.a(lib_a-memcpy.o)
 .debug_aranges
                0x0000000000000160       0x20 /usr/lib/gcc/arm-none-eabi/5.4.1/../../../arm-none-eabi/lib/armv7e-m/fpu/libg.a(lib_a-rand.o)
 .debug_aranges
                0x0000000000000180       0x20 /usr/lib/gcc/arm-none-eabi/5.4.1/../../../arm-none-eabi/lib/armv7e-m/fpu/libg.a(lib_a-strlen.o)

.debug_ranges   0x0000000000000000       0xf8
 .debug_ranges  0x0000000000000000       0x98 ./src/main.o
 .debug_ranges  0x0000000000000098       0x28 ./src/startup_gcc.o
 .debug_ranges  0x00000000000000c0       0x38 ./SW-EK-TM4C123GXL-2.1.4.178/utils/uartstdio.o

.debug_macro    0x0000000000000000    0x1176e
 .debug_macro   0x0000000000000000      0x1b8 ./src/main.o
 .debug_macro   0x00000000000001b8      0x880 ./src/main.o
 .debug_macro   0x0000000000000a38       0x22 ./src/main.o
 .debug_macro   0x0000000000000a5a       0x87 ./src/main.o
 .debug_macro   0x0000000000000ae1       0x44 ./src/main.o
 .debug_macro   0x0000000000000b25       0xfd ./src/main.o
 .debug_macro   0x0000000000000c22       0x5e ./src/main.o
 .debug_macro   0x0000000000000c80      0x1df ./src/main.o
 .debug_macro   0x0000000000000e5f     0xb522 ./src/main.o
 .debug_macro   0x000000000000c381       0x52 ./src/main.o
 .debug_macro   0x000000000000c3d3       0x35 ./src/main.o
 .debug_macro   0x000000000000c408       0x9c ./src/main.o
 .debug_macro   0x000000000000c4a4      0x174 ./src/main.o
 .debug_macro   0x000000000000c618       0x52 ./src/main.o
 .debug_macro   0x000000000000c66a       0x1f ./src/main.o
 .debug_macro   0x000000000000c689       0x43 ./src/main.o
 .debug_macro   0x000000000000c6cc       0x20 ./src/main.o
 .debug_macro   0x000000000000c6ec      0x187 ./src/main.o
 .debug_macro   0x000000000000c873      0x30d ./src/main.o
 .debug_macro   0x000000000000cb80       0x10 ./src/main.o
 .debug_macro   0x000000000000cb90       0x35 ./src/main.o
 .debug_macro   0x000000000000cbc5       0x16 ./src/main.o
 .debug_macro   0x000000000000cbdb       0x16 ./src/main.o
 .debug_macro   0x000000000000cbf1       0x29 ./src/main.o
 .debug_macro   0x000000000000cc1a       0x22 ./src/main.o
 .debug_macro   0x000000000000cc3c       0x67 ./src/main.o
 .debug_macro   0x000000000000cca3      0x101 ./src/main.o
 .debug_macro   0x000000000000cda4      0xa88 ./src/main.o
 .debug_macro   0x000000000000d82c      0x17a ./src/main.o
 .debug_macro   0x000000000000d9a6       0x58 ./src/main.o
 .debug_macro   0x000000000000d9fe       0x75 ./src/startup_gcc.o
 .debug_macro   0x000000000000da73     0x1342 ./src/startup_gcc.o
 .debug_macro   0x000000000000edb5       0xd9 ./SW-EK-TM4C123GXL-2.1.4.178/utils/uartstdio.o
 .debug_macro   0x000000000000ee8e      0x946 ./SW-EK-TM4C123GXL-2.1.4.178/utils/uartstdio.o
 .debug_macro   0x000000000000f7d4      0x25e ./SW-EK-TM4C123GXL-2.1.4.178/utils/uartstdio.o
 .debug_macro   0x000000000000fa32      0x42a ./SW-EK-TM4C123GXL-2.1.4.178/utils/uartstdio.o
 .debug_macro   0x000000000000fe5c       0x10 ./SW-EK-TM4C123GXL-2.1.4.178/utils/uartstdio.o
 .debug_macro   0x000000000000fe6c       0x10 ./SW-EK-TM4C123GXL-2.1.4.178/utils/uartstdio.o
 .debug_macro   0x000000000000fe7c       0xdc ./SW-EK-TM4C123GXL-2.1.4.178/utils/uartstdio.o
 .debug_macro   0x000000000000ff58     0x1816 ./SW-EK-TM4C123GXL-2.1.4.178/utils/uartstdio.o

.debug_line     0x0000000000000000     0x1213
 .debug_line    0x0000000000000000      0x831 ./src/main.o
 .debug_line    0x0000000000000831      0x1d8 ./src/startup_gcc.o
 .debug_line    0x0000000000000a09      0x46d ./SW-EK-TM4C123GXL-2.1.4.178/utils/uartstdio.o
 .debug_line    0x0000000000000e76       0xe9 /usr/lib/gcc/arm-none-eabi/5.4.1/../../../arm-none-eabi/lib/armv7e-m/fpu/libg.a(lib_a-impure.o)
 .debug_line    0x0000000000000f5f       0xbb /usr/lib/gcc/arm-none-eabi/5.4.1/../../../arm-none-eabi/lib/armv7e-m/fpu/libg.a(lib_a-memcpy.o)
 .debug_line    0x000000000000101a      0x14d /usr/lib/gcc/arm-none-eabi/5.4.1/../../../arm-none-eabi/lib/armv7e-m/fpu/libg.a(lib_a-rand.o)
 .debug_line    0x0000000000001167       0xac /usr/lib/gcc/arm-none-eabi/5.4.1/../../../arm-none-eabi/lib/armv7e-m/fpu/libg.a(lib_a-strlen.o)

.debug_str      0x0000000000000000    0x51460
 .debug_str     0x0000000000000000    0x430a5 ./src/main.o
                                      0x432d3 (size before relaxing)
 .debug_str     0x00000000000430a5      0xeed ./src/startup_gcc.o
                                       0x8729 (size before relaxing)
 .debug_str     0x0000000000043f92     0xcf63 ./SW-EK-TM4C123GXL-2.1.4.178/utils/uartstdio.o
                                      0x14922 (size before relaxing)
 .debug_str     0x0000000000050ef5      0x4d7 /usr/lib/gcc/arm-none-eabi/5.4.1/../../../arm-none-eabi/lib/armv7e-m/fpu/libg.a(lib_a-impure.o)
                                        0x5ae (size before relaxing)
 .debug_str     0x00000000000513cc       0x94 /usr/lib/gcc/arm-none-eabi/5.4.1/../../../arm-none-eabi/lib/armv7e-m/fpu/libg.a(lib_a-rand.o)
                                        0x5a5 (size before relaxing)

.debug_frame    0x0000000000000000      0x448
 .debug_frame   0x0000000000000000      0x294 ./src/main.o
 .debug_frame   0x0000000000000294       0x7c ./src/startup_gcc.o
 .debug_frame   0x0000000000000310       0xfc ./SW-EK-TM4C123GXL-2.1.4.178/utils/uartstdio.o
 .debug_frame   0x000000000000040c       0x3c /usr/lib/gcc/arm-none-eabi/5.4.1/../../../arm-none-eabi/lib/armv7e-m/fpu/libg.a(lib_a-rand.o)

.debug_loc      0x0000000000000000       0x1f
 .debug_loc     0x0000000000000000       0x1f /usr/lib/gcc/arm-none-eabi/5.4.1/../../../arm-none-eabi/lib/armv7e-m/fpu/libg.a(lib_a-rand.o)
